Component: ARM Compiler 5.06 update 1 (build 61) Tool: armlink [4d35a8]

==============================================================================

Section Cross References

    startup_stm32f334x8.o(RESET) refers to startup_stm32f334x8.o(STACK) for __initial_sp
    startup_stm32f334x8.o(RESET) refers to startup_stm32f334x8.o(.text) for Reset_Handler
    startup_stm32f334x8.o(RESET) refers to stm32f3xx_it.o(i.NMI_Handler) for NMI_Handler
    startup_stm32f334x8.o(RESET) refers to stm32f3xx_it.o(i.HardFault_Handler) for HardFault_Handler
    startup_stm32f334x8.o(RESET) refers to stm32f3xx_it.o(i.MemManage_Handler) for MemManage_Handler
    startup_stm32f334x8.o(RESET) refers to stm32f3xx_it.o(i.BusFault_Handler) for BusFault_Handler
    startup_stm32f334x8.o(RESET) refers to stm32f3xx_it.o(i.UsageFault_Handler) for UsageFault_Handler
    startup_stm32f334x8.o(RESET) refers to stm32f3xx_it.o(i.SVC_Handler) for SVC_Handler
    startup_stm32f334x8.o(RESET) refers to stm32f3xx_it.o(i.DebugMon_Handler) for DebugMon_Handler
    startup_stm32f334x8.o(RESET) refers to stm32f3xx_it.o(i.PendSV_Handler) for PendSV_Handler
    startup_stm32f334x8.o(RESET) refers to stm32f3xx_it.o(i.SysTick_Handler) for SysTick_Handler
    startup_stm32f334x8.o(RESET) refers to timer.o(i.TIM3_IRQHandler) for TIM3_IRQHandler
    startup_stm32f334x8.o(.text) refers to system_stm32f30x.o(i.SystemInit) for SystemInit
    startup_stm32f334x8.o(.text) refers to entry.o(.ARM.Collect$$$$00000000) for __main
    stm32f30x_adc.o(i.ADC_DeInit) refers to stm32f30x_rcc.o(i.RCC_AHBPeriphResetCmd) for RCC_AHBPeriphResetCmd
    stm32f30x_can.o(i.CAN_DeInit) refers to stm32f30x_rcc.o(i.RCC_APB1PeriphResetCmd) for RCC_APB1PeriphResetCmd
    stm32f30x_can.o(i.CAN_GetITStatus) refers to stm32f30x_can.o(i.CheckITStatus) for CheckITStatus
    stm32f30x_dac.o(i.DAC_DeInit) refers to stm32f30x_rcc.o(i.RCC_APB1PeriphResetCmd) for RCC_APB1PeriphResetCmd
    stm32f30x_flash.o(i.FLASH_EraseAllPages) refers to stm32f30x_flash.o(i.FLASH_WaitForLastOperation) for FLASH_WaitForLastOperation
    stm32f30x_flash.o(i.FLASH_ErasePage) refers to stm32f30x_flash.o(i.FLASH_WaitForLastOperation) for FLASH_WaitForLastOperation
    stm32f30x_flash.o(i.FLASH_OB_BOOTConfig) refers to stm32f30x_flash.o(i.FLASH_WaitForLastOperation) for FLASH_WaitForLastOperation
    stm32f30x_flash.o(i.FLASH_OB_EnableWRP) refers to stm32f30x_flash.o(i.FLASH_WaitForLastOperation) for FLASH_WaitForLastOperation
    stm32f30x_flash.o(i.FLASH_OB_Erase) refers to stm32f30x_flash.o(i.FLASH_OB_GetRDP) for FLASH_OB_GetRDP
    stm32f30x_flash.o(i.FLASH_OB_Erase) refers to stm32f30x_flash.o(i.FLASH_WaitForLastOperation) for FLASH_WaitForLastOperation
    stm32f30x_flash.o(i.FLASH_OB_RDPConfig) refers to stm32f30x_flash.o(i.FLASH_WaitForLastOperation) for FLASH_WaitForLastOperation
    stm32f30x_flash.o(i.FLASH_OB_SRAMParityConfig) refers to stm32f30x_flash.o(i.FLASH_WaitForLastOperation) for FLASH_WaitForLastOperation
    stm32f30x_flash.o(i.FLASH_OB_UserConfig) refers to stm32f30x_flash.o(i.FLASH_WaitForLastOperation) for FLASH_WaitForLastOperation
    stm32f30x_flash.o(i.FLASH_OB_VDDAConfig) refers to stm32f30x_flash.o(i.FLASH_WaitForLastOperation) for FLASH_WaitForLastOperation
    stm32f30x_flash.o(i.FLASH_OB_WriteUser) refers to stm32f30x_flash.o(i.FLASH_WaitForLastOperation) for FLASH_WaitForLastOperation
    stm32f30x_flash.o(i.FLASH_ProgramHalfWord) refers to stm32f30x_flash.o(i.FLASH_WaitForLastOperation) for FLASH_WaitForLastOperation
    stm32f30x_flash.o(i.FLASH_ProgramOptionByteData) refers to stm32f30x_flash.o(i.FLASH_WaitForLastOperation) for FLASH_WaitForLastOperation
    stm32f30x_flash.o(i.FLASH_ProgramWord) refers to stm32f30x_flash.o(i.FLASH_WaitForLastOperation) for FLASH_WaitForLastOperation
    stm32f30x_flash.o(i.FLASH_WaitForLastOperation) refers to stm32f30x_flash.o(i.FLASH_GetStatus) for FLASH_GetStatus
    stm32f30x_gpio.o(i.GPIO_DeInit) refers to stm32f30x_rcc.o(i.RCC_AHBPeriphResetCmd) for RCC_AHBPeriphResetCmd
    stm32f30x_hrtim.o(i.HRTIM_DeInit) refers to stm32f30x_rcc.o(i.RCC_APB2PeriphResetCmd) for RCC_APB2PeriphResetCmd
    stm32f30x_hrtim.o(i.HRTIM_EventConfig) refers to stm32f30x_hrtim.o(i.HRTIM_ExternalEventConfig) for HRTIM_ExternalEventConfig
    stm32f30x_hrtim.o(i.HRTIM_SimpleBaseStart) refers to stm32f30x_hrtim.o(.data) for .data
    stm32f30x_hrtim.o(i.HRTIM_SimpleBaseStop) refers to stm32f30x_hrtim.o(.data) for .data
    stm32f30x_hrtim.o(i.HRTIM_SimpleBase_Init) refers to stm32f30x_hrtim.o(i.HRTIM_TimingUnitBase_Config) for HRTIM_TimingUnitBase_Config
    stm32f30x_hrtim.o(i.HRTIM_SimpleBase_Init) refers to stm32f30x_hrtim.o(i.HRTIM_MasterBase_Config) for HRTIM_MasterBase_Config
    stm32f30x_hrtim.o(i.HRTIM_SimpleCaptureChannelConfig) refers to stm32f30x_hrtim.o(i.HRTIM_ExternalEventConfig) for HRTIM_ExternalEventConfig
    stm32f30x_hrtim.o(i.HRTIM_SimpleCaptureStart) refers to stm32f30x_hrtim.o(.data) for .data
[...]
    Removing stm32f30x_can.o(i.CAN_GetITStatus), (168 bytes).
    Removing stm32f30x_can.o(i.CAN_GetLSBTransmitErrorCounter), (8 bytes).
    Removing stm32f30x_can.o(i.CAN_GetLastErrorCode), (10 bytes).
    Removing stm32f30x_can.o(i.CAN_GetReceiveErrorCounter), (6 bytes).
    Removing stm32f30x_can.o(i.CAN_ITConfig), (16 bytes).
    Removing stm32f30x_can.o(i.CAN_Init), (242 bytes).
    Removing stm32f30x_can.o(i.CAN_MessagePending), (22 bytes).
    Removing stm32f30x_can.o(i.CAN_OperatingModeRequest), (140 bytes).
    Removing stm32f30x_can.o(i.CAN_Receive), (144 bytes).
    Removing stm32f30x_can.o(i.CAN_SlaveStartBank), (44 bytes).
    Removing stm32f30x_can.o(i.CAN_Sleep), (30 bytes).
    Removing stm32f30x_can.o(i.CAN_StructInit), (32 bytes).
    Removing stm32f30x_can.o(i.CAN_TTComModeCmd), (90 bytes).
    Removing stm32f30x_can.o(i.CAN_Transmit), (164 bytes).
    Removing stm32f30x_can.o(i.CAN_TransmitStatus), (108 bytes).
    Removing stm32f30x_can.o(i.CAN_WakeUp), (40 bytes).
    Removing stm32f30x_can.o(i.CheckITStatus), (12 bytes).
    Removing stm32f30x_comp.o(.rev16_text), (4 bytes).
    Removing stm32f30x_comp.o(.revsh_text), (4 bytes).
    Removing stm32f30x_comp.o(i.COMP_Cmd), (28 bytes).
    Removing stm32f30x_comp.o(i.COMP_DeInit), (16 bytes).
    Removing stm32f30x_comp.o(i.COMP_GetOutputLevel), (24 bytes).
    Removing stm32f30x_comp.o(i.COMP_Init), (48 bytes).
    Removing stm32f30x_comp.o(i.COMP_LockConfig), (20 bytes).
    Removing stm32f30x_comp.o(i.COMP_StructInit), (20 bytes).
    Removing stm32f30x_comp.o(i.COMP_SwitchCmd), (28 bytes).
    Removing stm32f30x_comp.o(i.COMP_WindowCmd), (28 bytes).
    Removing stm32f30x_crc.o(.rev16_text), (4 bytes).
    Removing stm32f30x_crc.o(.revsh_text), (4 bytes).
    Removing stm32f30x_crc.o(i.CRC_CalcBlockCRC), (28 bytes).
    Removing stm32f30x_crc.o(i.CRC_CalcCRC), (12 bytes).
    Removing stm32f30x_crc.o(i.CRC_CalcCRC16bits), (12 bytes).
    Removing stm32f30x_crc.o(i.CRC_CalcCRC8bits), (12 bytes).
    Removing stm32f30x_crc.o(i.CRC_DeInit), (32 bytes).
    Removing stm32f30x_crc.o(i.CRC_GetCRC), (12 bytes).
    Removing stm32f30x_crc.o(i.CRC_GetIDRegister), (12 bytes).
    Removing stm32f30x_crc.o(i.CRC_PolynomialSizeSelect), (20 bytes).
    Removing stm32f30x_crc.o(i.CRC_ResetDR), (16 bytes).
    Removing stm32f30x_crc.o(i.CRC_ReverseInputDataSelect), (20 bytes).
    Removing stm32f30x_crc.o(i.CRC_ReverseOutputDataCmd), (28 bytes).
    Removing stm32f30x_crc.o(i.CRC_SetIDRegister), (12 bytes).
    Removing stm32f30x_crc.o(i.CRC_SetInitRegister), (12 bytes).
    Removing stm32f30x_crc.o(i.CRC_SetPolynomial), (12 bytes).
    Removing stm32f30x_dac.o(.rev16_text), (4 bytes).
    Removing stm32f30x_dac.o(.revsh_text), (4 bytes).
    Removing stm32f30x_dac.o(i.DAC_ClearFlag), (6 bytes).
    Removing stm32f30x_dac.o(i.DAC_ClearITPendingBit), (6 bytes).
    Removing stm32f30x_dac.o(i.DAC_Cmd), (18 bytes).
    Removing stm32f30x_dac.o(i.DAC_DMACmd), (20 bytes).
    Removing stm32f30x_dac.o(i.DAC_DeInit), (44 bytes).
    Removing stm32f30x_dac.o(i.DAC_DualSoftwareTriggerCmd), (20 bytes).
    Removing stm32f30x_dac.o(i.DAC_GetDataOutputValue), (16 bytes).
    Removing stm32f30x_dac.o(i.DAC_GetFlagStatus), (16 bytes).
    Removing stm32f30x_dac.o(i.DAC_GetITStatus), (24 bytes).
    Removing stm32f30x_dac.o(i.DAC_ITConfig), (16 bytes).
    Removing stm32f30x_dac.o(i.DAC_Init), (34 bytes).
    Removing stm32f30x_dac.o(i.DAC_SetChannel1Data), (12 bytes).
    Removing stm32f30x_dac.o(i.DAC_SetChannel2Data), (12 bytes).
    Removing stm32f30x_dac.o(i.DAC_SetDualChannelData), (20 bytes).
    Removing stm32f30x_dac.o(i.DAC_SoftwareTriggerCmd), (22 bytes).
    Removing stm32f30x_dac.o(i.DAC_StructInit), (14 bytes).
    Removing stm32f30x_dac.o(i.DAC_WaveGenerationCmd), (16 bytes).
    Removing stm32f30x_dbgmcu.o(.rev16_text), (4 bytes).
    Removing stm32f30x_dbgmcu.o(.revsh_text), (4 bytes).
    Removing stm32f30x_dbgmcu.o(i.DBGMCU_APB1PeriphConfig), (24 bytes).
    Removing stm32f30x_dbgmcu.o(i.DBGMCU_APB2PeriphConfig), (24 bytes).
    Removing stm32f30x_dbgmcu.o(i.DBGMCU_Config), (24 bytes).
    Removing stm32f30x_dbgmcu.o(i.DBGMCU_GetDEVID), (16 bytes).
    Removing stm32f30x_dbgmcu.o(i.DBGMCU_GetREVID), (12 bytes).
    Removing stm32f30x_dma.o(.rev16_text), (4 bytes).
    Removing stm32f30x_dma.o(.revsh_text), (4 bytes).
    Removing stm32f30x_dma.o(i.DMA_ClearFlag), (24 bytes).
    Removing stm32f30x_dma.o(i.DMA_ClearITPendingBit), (24 bytes).
    Removing stm32f30x_dma.o(i.DMA_Cmd), (22 bytes).
    Removing stm32f30x_dma.o(i.DMA_DeInit), (228 bytes).
    Removing stm32f30x_dma.o(i.DMA_GetCurrDataCounter), (6 bytes).
    Removing stm32f30x_dma.o(i.DMA_GetFlagStatus), (32 bytes).
    Removing stm32f30x_dma.o(i.DMA_GetITStatus), (32 bytes).
    Removing stm32f30x_dma.o(i.DMA_ITConfig), (16 bytes).
    Removing stm32f30x_dma.o(i.DMA_Init), (58 bytes).
    Removing stm32f30x_dma.o(i.DMA_SetCurrDataCounter), (4 bytes).
    Removing stm32f30x_dma.o(i.DMA_StructInit), (26 bytes).
    Removing stm32f30x_exti.o(.rev16_text), (4 bytes).
    Removing stm32f30x_exti.o(.revsh_text), (4 bytes).
    Removing stm32f30x_exti.o(i.EXTI_ClearFlag), (28 bytes).
    Removing stm32f30x_exti.o(i.EXTI_ClearITPendingBit), (28 bytes).
    Removing stm32f30x_exti.o(i.EXTI_DeInit), (72 bytes).
    Removing stm32f30x_exti.o(i.EXTI_GenerateSWInterrupt), (32 bytes).
    Removing stm32f30x_exti.o(i.EXTI_GetFlagStatus), (36 bytes).
    Removing stm32f30x_exti.o(i.EXTI_GetITStatus), (36 bytes).
    Removing stm32f30x_exti.o(i.EXTI_Init), (248 bytes).
    Removing stm32f30x_exti.o(i.EXTI_StructInit), (14 bytes).
    Removing stm32f30x_flash.o(.rev16_text), (4 bytes).
    Removing stm32f30x_flash.o(.revsh_text), (4 bytes).
    Removing stm32f30x_flash.o(i.FLASH_ClearFlag), (12 bytes).
    Removing stm32f30x_flash.o(i.FLASH_EraseAllPages), (56 bytes).
    Removing stm32f30x_flash.o(i.FLASH_ErasePage), (60 bytes).
    Removing stm32f30x_flash.o(i.FLASH_GetFlagStatus), (20 bytes).
    Removing stm32f30x_flash.o(i.FLASH_GetStatus), (40 bytes).
    Removing stm32f30x_flash.o(i.FLASH_HalfCycleAccessCmd), (28 bytes).
    Removing stm32f30x_flash.o(i.FLASH_ITConfig), (24 bytes).
    Removing stm32f30x_flash.o(i.FLASH_Lock), (16 bytes).
    Removing stm32f30x_flash.o(i.FLASH_OB_BOOTConfig), (80 bytes).
    Removing stm32f30x_flash.o(i.FLASH_OB_EnableWRP), (92 bytes).
    Removing stm32f30x_flash.o(i.FLASH_OB_Erase), (104 bytes).
    Removing stm32f30x_flash.o(i.FLASH_OB_GetRDP), (20 bytes).
    Removing stm32f30x_flash.o(i.FLASH_OB_GetUser), (16 bytes).
    Removing stm32f30x_flash.o(i.FLASH_OB_GetWRP), (12 bytes).
    Removing stm32f30x_flash.o(i.FLASH_OB_Launch), (16 bytes).
    Removing stm32f30x_flash.o(i.FLASH_OB_Lock), (16 bytes).
    Removing stm32f30x_flash.o(i.FLASH_OB_RDPConfig), (108 bytes).
    Removing stm32f30x_flash.o(i.FLASH_OB_SRAMParityConfig), (64 bytes).
    Removing stm32f30x_flash.o(i.FLASH_OB_Unlock), (32 bytes).
    Removing stm32f30x_flash.o(i.FLASH_OB_UserConfig), (92 bytes).
    Removing stm32f30x_flash.o(i.FLASH_OB_VDDAConfig), (80 bytes).
    Removing stm32f30x_flash.o(i.FLASH_OB_WriteUser), (80 bytes).
    Removing stm32f30x_flash.o(i.FLASH_PrefetchBufferCmd), (28 bytes).
    Removing stm32f30x_flash.o(i.FLASH_ProgramHalfWord), (52 bytes).
    Removing stm32f30x_flash.o(i.FLASH_ProgramOptionByteData), (56 bytes).
    Removing stm32f30x_flash.o(i.FLASH_ProgramWord), (76 bytes).
    Removing stm32f30x_flash.o(i.FLASH_SetLatency), (20 bytes).
    Removing stm32f30x_flash.o(i.FLASH_Unlock), (32 bytes).
    Removing stm32f30x_flash.o(i.FLASH_WaitForLastOperation), (36 bytes).
    Removing stm32f30x_gpio.o(.rev16_text), (4 bytes).
    Removing stm32f30x_gpio.o(.revsh_text), (4 bytes).
    Removing stm32f30x_gpio.o(i.GPIO_DeInit), (112 bytes).
    Removing stm32f30x_gpio.o(i.GPIO_PinLockConfig), (16 bytes).
    Removing stm32f30x_gpio.o(i.GPIO_ReadInputData), (4 bytes).
    Removing stm32f30x_gpio.o(i.GPIO_ReadInputDataBit), (14 bytes).
    Removing stm32f30x_gpio.o(i.GPIO_ReadOutputData), (4 bytes).
    Removing stm32f30x_gpio.o(i.GPIO_ReadOutputDataBit), (14 bytes).
    Removing stm32f30x_gpio.o(i.GPIO_Write), (4 bytes).
    Removing stm32f30x_gpio.o(i.GPIO_WriteBit), (10 bytes).
    Removing stm32f30x_hrtim.o(.rev16_text), (4 bytes).
    Removing stm32f30x_hrtim.o(.revsh_text), (4 bytes).
    Removing stm32f30x_hrtim.o(i.HRTIM_ADCTriggerConfig), (94 bytes).
    Removing stm32f30x_hrtim.o(i.HRTIM_BurstDMAConfig), (50 bytes).
    Removing stm32f30x_hrtim.o(i.HRTIM_BurstModeConfig), (60 bytes).
    Removing stm32f30x_hrtim.o(i.HRTIM_BurstModeCtl), (16 bytes).
    Removing stm32f30x_hrtim.o(i.HRTIM_ChopperModeConfig), (32 bytes).
    Removing stm32f30x_hrtim.o(i.HRTIM_ClearCommonFlag), (12 bytes).
    Removing stm32f30x_hrtim.o(i.HRTIM_ClearCommonITPendingBit), (12 bytes).
    Removing stm32f30x_hrtim.o(i.HRTIM_ClearFlag), (36 bytes).
    Removing stm32f30x_hrtim.o(i.HRTIM_ClearITPendingBit), (36 bytes).
    Removing stm32f30x_hrtim.o(i.HRTIM_CompareUnitConfig), (96 bytes).
    Removing stm32f30x_hrtim.o(i.HRTIM_DLLCalibrationStart), (36 bytes).
    Removing stm32f30x_hrtim.o(i.HRTIM_DMACmd), (50 bytes).
    Removing stm32f30x_hrtim.o(i.HRTIM_DeInit), (24 bytes).
    Removing stm32f30x_hrtim.o(i.HRTIM_DeadTimeConfig), (60 bytes).
    Removing stm32f30x_hrtim.o(i.HRTIM_EventConfig), (4 bytes).
    Removing stm32f30x_hrtim.o(i.HRTIM_EventPrescalerConfig), (16 bytes).
    Removing stm32f30x_hrtim.o(i.HRTIM_ExternalEventConfig), (418 bytes).
    Removing stm32f30x_hrtim.o(i.HRTIM_FaultConfig), (178 bytes).
    Removing stm32f30x_hrtim.o(i.HRTIM_FaultModeCtl), (90 bytes).
    Removing stm32f30x_hrtim.o(i.HRTIM_FaultPrescalerConfig), (16 bytes).
    Removing stm32f30x_hrtim.o(i.HRTIM_GetBurstStatus), (10 bytes).
    Removing stm32f30x_hrtim.o(i.HRTIM_GetCapturedValue), (28 bytes).
    Removing stm32f30x_hrtim.o(i.HRTIM_GetCommonFlagStatus), (16 bytes).
    Removing stm32f30x_hrtim.o(i.HRTIM_GetCommonITStatus), (32 bytes).
    Removing stm32f30x_hrtim.o(i.HRTIM_GetCurrentPushPullStatus), (14 bytes).
    Removing stm32f30x_hrtim.o(i.HRTIM_GetDelayedProtectionStatus), (82 bytes).
    Removing stm32f30x_hrtim.o(i.HRTIM_GetFlagStatus), (42 bytes).
    Removing stm32f30x_hrtim.o(i.HRTIM_GetITStatus), (66 bytes).
    Removing stm32f30x_hrtim.o(i.HRTIM_GetIdlePushPullStatus), (14 bytes).
    Removing stm32f30x_hrtim.o(i.HRTIM_ITCommonConfig), (20 bytes).
    Removing stm32f30x_hrtim.o(i.HRTIM_ITConfig), (50 bytes).
    Removing stm32f30x_hrtim.o(i.HRTIM_MasterBase_Config), (42 bytes).
    Removing stm32f30x_hrtim.o(i.HRTIM_MasterSetCompare), (32 bytes).
    Removing stm32f30x_hrtim.o(i.HRTIM_OutputConfig), (142 bytes).
    Removing stm32f30x_hrtim.o(i.HRTIM_SimpleBaseStart), (20 bytes).
    Removing stm32f30x_hrtim.o(i.HRTIM_SimpleBaseStop), (152 bytes).
    Removing stm32f30x_hrtim.o(i.HRTIM_SimpleBase_Init), (14 bytes).
    Removing stm32f30x_hrtim.o(i.HRTIM_SimpleCaptureChannelConfig), (160 bytes).
    Removing stm32f30x_hrtim.o(i.HRTIM_SimpleCaptureStart), (20 bytes).
    Removing stm32f30x_hrtim.o(i.HRTIM_SimpleCaptureStop), (196 bytes).
    Removing stm32f30x_hrtim.o(i.HRTIM_SimpleCapture_Init), (4 bytes).
    Removing stm32f30x_hrtim.o(i.HRTIM_SimpleOCChannelConfig), (182 bytes).
    Removing stm32f30x_hrtim.o(i.HRTIM_SimpleOCStart), (28 bytes).
    Removing stm32f30x_hrtim.o(i.HRTIM_SimpleOCStop), (164 bytes).
    Removing stm32f30x_hrtim.o(i.HRTIM_SimpleOC_Init), (4 bytes).
    Removing stm32f30x_hrtim.o(i.HRTIM_SimpleOnePulseChannelConfig), (172 bytes).
    Removing stm32f30x_hrtim.o(i.HRTIM_SimpleOnePulseStart), (28 bytes).
    Removing stm32f30x_hrtim.o(i.HRTIM_SimpleOnePulseStop), (164 bytes).
    Removing stm32f30x_hrtim.o(i.HRTIM_SimpleOnePulse_Init), (4 bytes).
    Removing stm32f30x_hrtim.o(i.HRTIM_SimplePWMChannelConfig), (136 bytes).
    Removing stm32f30x_hrtim.o(i.HRTIM_SimplePWMStart), (28 bytes).
    Removing stm32f30x_hrtim.o(i.HRTIM_SimplePWMStop), (164 bytes).
    Removing stm32f30x_hrtim.o(i.HRTIM_SimplePWM_Init), (4 bytes).
    Removing stm32f30x_hrtim.o(i.HRTIM_SlaveSetCompare), (44 bytes).
    Removing stm32f30x_hrtim.o(i.HRTIM_SoftwareCapture), (30 bytes).
    Removing stm32f30x_hrtim.o(i.HRTIM_SoftwareReset), (12 bytes).
    Removing stm32f30x_hrtim.o(i.HRTIM_SoftwareUpdate), (12 bytes).
    Removing stm32f30x_hrtim.o(i.HRTIM_SynchronizationConfig), (30 bytes).
    Removing stm32f30x_hrtim.o(i.HRTIM_TIM_ResetConfig), (114 bytes).
    Removing stm32f30x_hrtim.o(i.HRTIM_TimerEventFilteringConfig), (196 bytes).
    Removing stm32f30x_hrtim.o(i.HRTIM_TimingUnitBase_Config), (48 bytes).
    Removing stm32f30x_hrtim.o(i.HRTIM_TimingUnitWaveform_Config), (160 bytes).
    Removing stm32f30x_hrtim.o(i.HRTIM_WaveformCaptureConfig), (28 bytes).
    Removing stm32f30x_hrtim.o(i.HRTIM_WaveformCompareConfig), (122 bytes).
    Removing stm32f30x_hrtim.o(i.HRTIM_WaveformCounterStart), (8 bytes).
    Removing stm32f30x_hrtim.o(i.HRTIM_WaveformCounterStop), (8 bytes).
    Removing stm32f30x_hrtim.o(i.HRTIM_WaveformGetOutputLevel), (82 bytes).
    Removing stm32f30x_hrtim.o(i.HRTIM_WaveformGetOutputState), (120 bytes).
    Removing stm32f30x_hrtim.o(i.HRTIM_WaveformOutputConfig), (4 bytes).
    Removing stm32f30x_hrtim.o(i.HRTIM_WaveformOutputStart), (6 bytes).
    Removing stm32f30x_hrtim.o(i.HRTIM_WaveformOutputStop), (6 bytes).
    Removing stm32f30x_hrtim.o(i.HRTIM_WaveformSetOutputLevel), (94 bytes).
    Removing stm32f30x_hrtim.o(i.HRTIM_WaveformTimerConfig), (88 bytes).
    Removing stm32f30x_hrtim.o(i.HRTIM_Waveform_Init), (116 bytes).
    Removing stm32f30x_hrtim.o(.data), (24 bytes).
    Removing stm32f30x_i2c.o(.rev16_text), (4 bytes).
    Removing stm32f30x_i2c.o(.revsh_text), (4 bytes).
    Removing stm32f30x_i2c.o(i.I2C_10BitAddressHeaderCmd), (20 bytes).
    Removing stm32f30x_i2c.o(i.I2C_10BitAddressingModeCmd), (20 bytes).
    Removing stm32f30x_i2c.o(i.I2C_AcknowledgeConfig), (20 bytes).
    Removing stm32f30x_i2c.o(i.I2C_AutoEndCmd), (20 bytes).
    Removing stm32f30x_i2c.o(i.I2C_CalculatePEC), (20 bytes).
    Removing stm32f30x_i2c.o(i.I2C_ClearFlag), (4 bytes).
    Removing stm32f30x_i2c.o(i.I2C_ClearITPendingBit), (4 bytes).
    Removing stm32f30x_i2c.o(i.I2C_ClockTimeoutCmd), (20 bytes).
    Removing stm32f30x_i2c.o(i.I2C_Cmd), (20 bytes).
    Removing stm32f30x_i2c.o(i.I2C_DMACmd), (16 bytes).
    Removing stm32f30x_i2c.o(i.I2C_DeInit), (44 bytes).
    Removing stm32f30x_i2c.o(i.I2C_DualAddressCmd), (20 bytes).
    Removing stm32f30x_i2c.o(i.I2C_ExtendedClockTimeoutCmd), (20 bytes).
    Removing stm32f30x_i2c.o(i.I2C_GeneralCallCmd), (20 bytes).
    Removing stm32f30x_i2c.o(i.I2C_GenerateSTART), (20 bytes).
    Removing stm32f30x_i2c.o(i.I2C_GenerateSTOP), (20 bytes).
    Removing stm32f30x_i2c.o(i.I2C_GetAddressMatched), (10 bytes).
    Removing stm32f30x_i2c.o(i.I2C_GetFlagStatus), (14 bytes).
    Removing stm32f30x_i2c.o(i.I2C_GetITStatus), (46 bytes).
    Removing stm32f30x_i2c.o(i.I2C_GetPEC), (6 bytes).
    Removing stm32f30x_i2c.o(i.I2C_GetTransferDirection), (18 bytes).
    Removing stm32f30x_i2c.o(i.I2C_ITConfig), (16 bytes).
    Removing stm32f30x_i2c.o(i.I2C_IdleClockTimeoutCmd), (20 bytes).
    Removing stm32f30x_i2c.o(i.I2C_Init), (96 bytes).
    Removing stm32f30x_i2c.o(i.I2C_MasterRequestConfig), (20 bytes).
    Removing stm32f30x_i2c.o(i.I2C_NumberOfBytesConfig), (14 bytes).
    Removing stm32f30x_i2c.o(i.I2C_OwnAddress2Config), (30 bytes).
    Removing stm32f30x_i2c.o(i.I2C_PECRequestCmd), (20 bytes).
    Removing stm32f30x_i2c.o(i.I2C_ReadRegister), (10 bytes).
    Removing stm32f30x_i2c.o(i.I2C_ReceiveData), (6 bytes).
    Removing stm32f30x_i2c.o(i.I2C_ReloadCmd), (20 bytes).
    Removing stm32f30x_i2c.o(i.I2C_SMBusAlertCmd), (20 bytes).
    Removing stm32f30x_i2c.o(i.I2C_SendData), (4 bytes).
    Removing stm32f30x_i2c.o(i.I2C_SlaveAddressConfig), (16 bytes).
    Removing stm32f30x_i2c.o(i.I2C_SlaveByteControlCmd), (20 bytes).
    Removing stm32f30x_i2c.o(i.I2C_SoftwareResetCmd), (20 bytes).
    Removing stm32f30x_i2c.o(i.I2C_StopModeCmd), (20 bytes).
    Removing stm32f30x_i2c.o(i.I2C_StretchClockCmd), (20 bytes).
    Removing stm32f30x_i2c.o(i.I2C_StructInit), (22 bytes).
    Removing stm32f30x_i2c.o(i.I2C_TimeoutAConfig), (16 bytes).
    Removing stm32f30x_i2c.o(i.I2C_TimeoutBConfig), (24 bytes).
    Removing stm32f30x_i2c.o(i.I2C_TransferHandling), (32 bytes).
    Removing stm32f30x_iwdg.o(.rev16_text), (4 bytes).
    Removing stm32f30x_iwdg.o(.revsh_text), (4 bytes).
    Removing stm32f30x_iwdg.o(i.IWDG_Enable), (16 bytes).
    Removing stm32f30x_iwdg.o(i.IWDG_GetFlagStatus), (20 bytes).
    Removing stm32f30x_iwdg.o(i.IWDG_ReloadCounter), (16 bytes).
    Removing stm32f30x_iwdg.o(i.IWDG_SetPrescaler), (12 bytes).
    Removing stm32f30x_iwdg.o(i.IWDG_SetReload), (12 bytes).
    Removing stm32f30x_iwdg.o(i.IWDG_SetWindowValue), (12 bytes).
    Removing stm32f30x_iwdg.o(i.IWDG_WriteAccessCmd), (12 bytes).
    Removing stm32f30x_misc.o(.rev16_text), (4 bytes).
    Removing stm32f30x_misc.o(.revsh_text), (4 bytes).
    Removing stm32f30x_misc.o(i.NVIC_PriorityGroupConfig), (20 bytes).
    Removing stm32f30x_misc.o(i.NVIC_SetVectorTable), (20 bytes).
    Removing stm32f30x_misc.o(i.NVIC_SystemLPConfig), (24 bytes).
    Removing stm32f30x_misc.o(i.SysTick_CLKSourceConfig), (24 bytes).
    Removing stm32f30x_opamp.o(.rev16_text), (4 bytes).
    Removing stm32f30x_opamp.o(.revsh_text), (4 bytes).
    Removing stm32f30x_opamp.o(i.OPAMP_Cmd), (28 bytes).
    Removing stm32f30x_opamp.o(i.OPAMP_DeInit), (16 bytes).
    Removing stm32f30x_opamp.o(i.OPAMP_GetOutputLevel), (24 bytes).
    Removing stm32f30x_opamp.o(i.OPAMP_Init), (28 bytes).
    Removing stm32f30x_opamp.o(i.OPAMP_LockConfig), (20 bytes).
    Removing stm32f30x_opamp.o(i.OPAMP_OffsetTrimConfig), (28 bytes).
    Removing stm32f30x_opamp.o(i.OPAMP_OffsetTrimModeSelect), (24 bytes).
    Removing stm32f30x_opamp.o(i.OPAMP_PGAConfig), (28 bytes).
    Removing stm32f30x_opamp.o(i.OPAMP_StartCalibration), (28 bytes).
    Removing stm32f30x_opamp.o(i.OPAMP_StructInit), (8 bytes).
    Removing stm32f30x_opamp.o(i.OPAMP_TimerControlledMuxCmd), (28 bytes).
    Removing stm32f30x_opamp.o(i.OPAMP_TimerControlledMuxConfig), (32 bytes).
    Removing stm32f30x_opamp.o(i.OPAMP_VrefConfig), (20 bytes).
    Removing stm32f30x_opamp.o(i.OPAMP_VrefConnectADCCmd), (28 bytes).
    Removing stm32f30x_opamp.o(i.OPAMP_VrefConnectNonInvertingInput), (28 bytes).
    Removing stm32f30x_pwr.o(.rev16_text), (4 bytes).
    Removing stm32f30x_pwr.o(.revsh_text), (4 bytes).
    Removing stm32f30x_pwr.o(i.PWR_BackupAccessCmd), (12 bytes).
    Removing stm32f30x_pwr.o(i.PWR_ClearFlag), (16 bytes).
    Removing stm32f30x_pwr.o(i.PWR_DeInit), (24 bytes).
    Removing stm32f30x_pwr.o(i.PWR_EnterSTANDBYMode), (40 bytes).
    Removing stm32f30x_pwr.o(i.PWR_EnterSTOPMode), (52 bytes).
    Removing stm32f30x_pwr.o(i.PWR_EnterSleepMode), (28 bytes).
    Removing stm32f30x_pwr.o(i.PWR_GetFlagStatus), (20 bytes).
    Removing stm32f30x_pwr.o(i.PWR_PVDCmd), (12 bytes).
    Removing stm32f30x_pwr.o(i.PWR_PVDLevelConfig), (20 bytes).
    Removing stm32f30x_pwr.o(i.PWR_WakeUpPinCmd), (24 bytes).
    Removing stm32f30x_rcc.o(.rev16_text), (4 bytes).
    Removing stm32f30x_rcc.o(.revsh_text), (4 bytes).
    Removing stm32f30x_rcc.o(i.RCC_ADCCLKConfig), (32 bytes).
    Removing stm32f30x_rcc.o(i.RCC_AHBPeriphResetCmd), (24 bytes).
    Removing stm32f30x_rcc.o(i.RCC_APB1PeriphResetCmd), (24 bytes).
    Removing stm32f30x_rcc.o(i.RCC_APB2PeriphResetCmd), (24 bytes).
    Removing stm32f30x_rcc.o(i.RCC_AdjustHSICalibrationValue), (20 bytes).
    Removing stm32f30x_rcc.o(i.RCC_BackupResetCmd), (12 bytes).
    Removing stm32f30x_rcc.o(i.RCC_ClearFlag), (16 bytes).
    Removing stm32f30x_rcc.o(i.RCC_ClearITPendingBit), (12 bytes).
    Removing stm32f30x_rcc.o(i.RCC_ClockSecuritySystemCmd), (12 bytes).
    Removing stm32f30x_rcc.o(i.RCC_DeInit), (80 bytes).
    Removing stm32f30x_rcc.o(i.RCC_GetFlagStatus), (52 bytes).
    Removing stm32f30x_rcc.o(i.RCC_GetITStatus), (20 bytes).
    Removing stm32f30x_rcc.o(i.RCC_GetSYSCLKSource), (16 bytes).
    Removing stm32f30x_rcc.o(i.RCC_HCLKConfig), (20 bytes).
    Removing stm32f30x_rcc.o(i.RCC_HRTIM1CLKConfig), (24 bytes).
    Removing stm32f30x_rcc.o(i.RCC_HSEConfig), (16 bytes).
    Removing stm32f30x_rcc.o(i.RCC_HSICmd), (12 bytes).
    Removing stm32f30x_rcc.o(i.RCC_I2CCLKConfig), (52 bytes).
    Removing stm32f30x_rcc.o(i.RCC_I2SCLKConfig), (12 bytes).
    Removing stm32f30x_rcc.o(i.RCC_ITConfig), (24 bytes).
    Removing stm32f30x_rcc.o(i.RCC_LSEConfig), (32 bytes).
    Removing stm32f30x_rcc.o(i.RCC_LSEDriveConfig), (24 bytes).
    Removing stm32f30x_rcc.o(i.RCC_LSICmd), (12 bytes).
    Removing stm32f30x_rcc.o(i.RCC_MCOConfig), (24 bytes).
    Removing stm32f30x_rcc.o(i.RCC_PCLK1Config), (20 bytes).
    Removing stm32f30x_rcc.o(i.RCC_PCLK2Config), (20 bytes).
    Removing stm32f30x_rcc.o(i.RCC_PLLCmd), (12 bytes).
    Removing stm32f30x_rcc.o(i.RCC_PLLConfig), (24 bytes).
    Removing stm32f30x_rcc.o(i.RCC_PREDIV1Config), (20 bytes).
    Removing stm32f30x_rcc.o(i.RCC_RTCCLKCmd), (12 bytes).
    Removing stm32f30x_rcc.o(i.RCC_RTCCLKConfig), (16 bytes).
    Removing stm32f30x_rcc.o(i.RCC_SYSCLKConfig), (20 bytes).
    Removing stm32f30x_rcc.o(i.RCC_TIMCLKConfig), (72 bytes).
    Removing stm32f30x_rcc.o(i.RCC_USARTCLKConfig), (72 bytes).
    Removing stm32f30x_rcc.o(i.RCC_USBCLKConfig), (12 bytes).
    Removing stm32f30x_rcc.o(i.RCC_WaitForHSEStartUp), (44 bytes).
    Removing stm32f30x_rtc.o(.rev16_text), (4 bytes).
    Removing stm32f30x_rtc.o(.revsh_text), (4 bytes).
    Removing stm32f30x_rtc.o(i.RTC_AlarmCmd), (84 bytes).
    Removing stm32f30x_rtc.o(i.RTC_AlarmStructInit), (20 bytes).
    Removing stm32f30x_rtc.o(i.RTC_AlarmSubSecondConfig), (44 bytes).
    Removing stm32f30x_rtc.o(i.RTC_Bcd2ToByte), (18 bytes).
    Removing stm32f30x_rtc.o(i.RTC_BypassShadowCmd), (44 bytes).
    Removing stm32f30x_rtc.o(i.RTC_ByteToBcd2), (24 bytes).
    Removing stm32f30x_rtc.o(i.RTC_CalibOutputCmd), (44 bytes).
    Removing stm32f30x_rtc.o(i.RTC_CalibOutputConfig), (40 bytes).
    Removing stm32f30x_rtc.o(i.RTC_ClearFlag), (28 bytes).
    Removing stm32f30x_rtc.o(i.RTC_ClearITPendingBit), (28 bytes).
    Removing stm32f30x_rtc.o(i.RTC_DateStructInit), (14 bytes).
    Removing stm32f30x_rtc.o(i.RTC_DayLightSavingConfig), (44 bytes).
    Removing stm32f30x_rtc.o(i.RTC_DeInit), (172 bytes).
    Removing stm32f30x_rtc.o(i.RTC_EnterInitMode), (60 bytes).
    Removing stm32f30x_rtc.o(i.RTC_ExitInitMode), (16 bytes).
    Removing stm32f30x_rtc.o(i.RTC_GetAlarm), (108 bytes).
    Removing stm32f30x_rtc.o(i.RTC_GetAlarmSubSecond), (28 bytes).
    Removing stm32f30x_rtc.o(i.RTC_GetDate), (72 bytes).
    Removing stm32f30x_rtc.o(i.RTC_GetFlagStatus), (28 bytes).
    Removing stm32f30x_rtc.o(i.RTC_GetITStatus), (64 bytes).
    Removing stm32f30x_rtc.o(i.RTC_GetStoreOperation), (16 bytes).
    Removing stm32f30x_rtc.o(i.RTC_GetSubSecond), (16 bytes).
    Removing stm32f30x_rtc.o(i.RTC_GetTime), (76 bytes).
    Removing stm32f30x_rtc.o(i.RTC_GetTimeStamp), (136 bytes).
    Removing stm32f30x_rtc.o(i.RTC_GetTimeStampSubSecond), (12 bytes).
    Removing stm32f30x_rtc.o(i.RTC_GetWakeUpCounter), (12 bytes).
    Removing stm32f30x_rtc.o(i.RTC_ITConfig), (64 bytes).
    Removing stm32f30x_rtc.o(i.RTC_Init), (80 bytes).
    Removing stm32f30x_rtc.o(i.RTC_OutputConfig), (44 bytes).
    Removing stm32f30x_rtc.o(i.RTC_OutputTypeConfig), (24 bytes).
    Removing stm32f30x_rtc.o(i.RTC_ReadBackupRegister), (20 bytes).
    Removing stm32f30x_rtc.o(i.RTC_RefClockCmd), (60 bytes).
    Removing stm32f30x_rtc.o(i.RTC_SetAlarm), (164 bytes).
    Removing stm32f30x_rtc.o(i.RTC_SetDate), (156 bytes).
    Removing stm32f30x_rtc.o(i.RTC_SetTime), (160 bytes).
    Removing stm32f30x_rtc.o(i.RTC_SetWakeUpCounter), (28 bytes).
    Removing stm32f30x_rtc.o(i.RTC_SmoothCalibConfig), (72 bytes).
    Removing stm32f30x_rtc.o(i.RTC_StructInit), (14 bytes).
    Removing stm32f30x_rtc.o(i.RTC_SynchroShiftConfig), (88 bytes).
    Removing stm32f30x_rtc.o(i.RTC_TamperCmd), (24 bytes).
    Removing stm32f30x_rtc.o(i.RTC_TamperFilterConfig), (24 bytes).
    Removing stm32f30x_rtc.o(i.RTC_TamperPinsPrechargeDuration), (24 bytes).
    Removing stm32f30x_rtc.o(i.RTC_TamperPullUpCmd), (28 bytes).
    Removing stm32f30x_rtc.o(i.RTC_TamperSamplingFreqConfig), (24 bytes).
    Removing stm32f30x_rtc.o(i.RTC_TamperTriggerConfig), (28 bytes).
    Removing stm32f30x_rtc.o(i.RTC_TimeStampCmd), (48 bytes).
    Removing stm32f30x_rtc.o(i.RTC_TimeStampOnTamperDetectionCmd), (28 bytes).
    Removing stm32f30x_rtc.o(i.RTC_TimeStructInit), (12 bytes).
    Removing stm32f30x_rtc.o(i.RTC_WaitForSynchro), (88 bytes).
    Removing stm32f30x_rtc.o(i.RTC_WakeUpClockConfig), (40 bytes).
    Removing stm32f30x_rtc.o(i.RTC_WakeUpCmd), (88 bytes).
    Removing stm32f30x_rtc.o(i.RTC_WriteBackupRegister), (20 bytes).
    Removing stm32f30x_rtc.o(i.RTC_WriteProtectionCmd), (24 bytes).
    Removing stm32f30x_spi.o(.rev16_text), (4 bytes).
    Removing stm32f30x_spi.o(.revsh_text), (4 bytes).
    Removing stm32f30x_spi.o(i.I2S_Cmd), (20 bytes).
    Removing stm32f30x_spi.o(i.I2S_FullDuplexConfig), (58 bytes).
    Removing stm32f30x_spi.o(i.I2S_Init), (152 bytes).
    Removing stm32f30x_spi.o(i.I2S_StructInit), (18 bytes).
    Removing stm32f30x_spi.o(i.SPI_BiDirectionalLineConfig), (22 bytes).
    Removing stm32f30x_spi.o(i.SPI_CRCLengthConfig), (16 bytes).
    Removing stm32f30x_spi.o(i.SPI_CalculateCRC), (20 bytes).
    Removing stm32f30x_spi.o(i.SPI_Cmd), (20 bytes).
    Removing stm32f30x_spi.o(i.SPI_DataSizeConfig), (12 bytes).
    Removing stm32f30x_spi.o(i.SPI_GetCRC), (12 bytes).
    Removing stm32f30x_spi.o(i.SPI_GetCRCPolynomial), (4 bytes).
    Removing stm32f30x_spi.o(i.SPI_GetReceptionFIFOStatus), (8 bytes).
    Removing stm32f30x_spi.o(i.SPI_GetTransmissionFIFOStatus), (8 bytes).
    Removing stm32f30x_spi.o(i.SPI_I2S_ClearFlag), (6 bytes).
    Removing stm32f30x_spi.o(i.SPI_I2S_DMACmd), (16 bytes).
    Removing stm32f30x_spi.o(i.SPI_I2S_DeInit), (84 bytes).
    Removing stm32f30x_spi.o(i.SPI_I2S_GetFlagStatus), (14 bytes).
    Removing stm32f30x_spi.o(i.SPI_I2S_GetITStatus), (42 bytes).
    Removing stm32f30x_spi.o(i.SPI_I2S_ITConfig), (24 bytes).
    Removing stm32f30x_spi.o(i.SPI_I2S_ReceiveData16), (4 bytes).
    Removing stm32f30x_spi.o(i.SPI_I2S_SendData16), (4 bytes).
    Removing stm32f30x_spi.o(i.SPI_Init), (122 bytes).
    Removing stm32f30x_spi.o(i.SPI_LastDMATransferCmd), (16 bytes).
    Removing stm32f30x_spi.o(i.SPI_NSSInternalSoftwareConfig), (24 bytes).
    Removing stm32f30x_spi.o(i.SPI_NSSPulseModeCmd), (20 bytes).
    Removing stm32f30x_spi.o(i.SPI_ReceiveData8), (4 bytes).
    Removing stm32f30x_spi.o(i.SPI_RxFIFOThresholdConfig), (16 bytes).
    Removing stm32f30x_spi.o(i.SPI_SSOutputCmd), (20 bytes).
    Removing stm32f30x_spi.o(i.SPI_SendData8), (4 bytes).
    Removing stm32f30x_spi.o(i.SPI_StructInit), (28 bytes).
    Removing stm32f30x_spi.o(i.SPI_TIModeCmd), (20 bytes).
    Removing stm32f30x_spi.o(i.SPI_TransmitCRC), (10 bytes).
    Removing stm32f30x_syscfg.o(.rev16_text), (4 bytes).
    Removing stm32f30x_syscfg.o(.revsh_text), (4 bytes).
    Removing stm32f30x_syscfg.o(i.SYSCFG_BreakConfig), (16 bytes).
    Removing stm32f30x_syscfg.o(i.SYSCFG_BypassParityCheckDisable), (16 bytes).
    Removing stm32f30x_syscfg.o(i.SYSCFG_ClearFlag), (16 bytes).
    Removing stm32f30x_syscfg.o(i.SYSCFG_DMAChannelRemapConfig), (44 bytes).
    Removing stm32f30x_syscfg.o(i.SYSCFG_DeInit), (40 bytes).
    Removing stm32f30x_syscfg.o(i.SYSCFG_EXTILineConfig), (40 bytes).
    Removing stm32f30x_syscfg.o(i.SYSCFG_EncoderRemapConfig), (24 bytes).
    Removing stm32f30x_syscfg.o(i.SYSCFG_GetFlagStatus), (20 bytes).
    Removing stm32f30x_syscfg.o(i.SYSCFG_I2CFastModePlusConfig), (24 bytes).
    Removing stm32f30x_syscfg.o(i.SYSCFG_ITConfig), (24 bytes).
    Removing stm32f30x_syscfg.o(i.SYSCFG_MemoryRemapConfig), (20 bytes).
    Removing stm32f30x_syscfg.o(i.SYSCFG_SRAMWRPEnable), (16 bytes).
    Removing stm32f30x_syscfg.o(i.SYSCFG_TriggerRemapConfig), (44 bytes).
    Removing stm32f30x_syscfg.o(i.SYSCFG_USBInterruptLineRemapCmd), (12 bytes).
    Removing stm32f30x_tim.o(.rev16_text), (4 bytes).
    Removing stm32f30x_tim.o(.revsh_text), (4 bytes).
    Removing stm32f30x_tim.o(i.TIM_BDTRConfig), (32 bytes).
    Removing stm32f30x_tim.o(i.TIM_BDTRStructInit), (18 bytes).
    Removing stm32f30x_tim.o(i.TIM_Break1Cmd), (20 bytes).
    Removing stm32f30x_tim.o(i.TIM_Break1Config), (20 bytes).
    Removing stm32f30x_tim.o(i.TIM_Break2Cmd), (20 bytes).
    Removing stm32f30x_tim.o(i.TIM_Break2Config), (20 bytes).
    Removing stm32f30x_tim.o(i.TIM_CCPreloadControl), (22 bytes).
    Removing stm32f30x_tim.o(i.TIM_CCxCmd), (22 bytes).
    Removing stm32f30x_tim.o(i.TIM_CCxNCmd), (22 bytes).
    Removing stm32f30x_tim.o(i.TIM_ClearFlag), (8 bytes).
    Removing stm32f30x_tim.o(i.TIM_ClearOC1Ref), (12 bytes).
    Removing stm32f30x_tim.o(i.TIM_ClearOC2Ref), (14 bytes).
    Removing stm32f30x_tim.o(i.TIM_ClearOC3Ref), (12 bytes).
    Removing stm32f30x_tim.o(i.TIM_ClearOC4Ref), (14 bytes).
    Removing stm32f30x_tim.o(i.TIM_ClearOC5Ref), (12 bytes).
    Removing stm32f30x_tim.o(i.TIM_ClearOC6Ref), (14 bytes).
    Removing stm32f30x_tim.o(i.TIM_CounterModeConfig), (12 bytes).
    Removing stm32f30x_tim.o(i.TIM_CtrlPWMOutputs), (20 bytes).
    Removing stm32f30x_tim.o(i.TIM_DMACmd), (20 bytes).
    Removing stm32f30x_tim.o(i.TIM_DMAConfig), (8 bytes).
    Removing stm32f30x_tim.o(i.TIM_DeInit), (224 bytes).
    Removing stm32f30x_tim.o(i.TIM_ETRClockMode1Config), (20 bytes).
    Removing stm32f30x_tim.o(i.TIM_ETRClockMode2Config), (18 bytes).
    Removing stm32f30x_tim.o(i.TIM_ETRConfig), (24 bytes).
    Removing stm32f30x_tim.o(i.TIM_EncoderInterfaceConfig), (56 bytes).
    Removing stm32f30x_tim.o(i.TIM_ForcedOC1Config), (16 bytes).
    Removing stm32f30x_tim.o(i.TIM_ForcedOC2Config), (20 bytes).
    Removing stm32f30x_tim.o(i.TIM_ForcedOC3Config), (12 bytes).
    Removing stm32f30x_tim.o(i.TIM_ForcedOC4Config), (14 bytes).
    Removing stm32f30x_tim.o(i.TIM_ForcedOC5Config), (12 bytes).
    Removing stm32f30x_tim.o(i.TIM_ForcedOC6Config), (14 bytes).
    Removing stm32f30x_tim.o(i.TIM_GenerateEvent), (4 bytes).
    Removing stm32f30x_tim.o(i.TIM_GetCapture1), (4 bytes).
    Removing stm32f30x_tim.o(i.TIM_GetCapture3), (4 bytes).
    Removing stm32f30x_tim.o(i.TIM_GetCapture4), (4 bytes).
    Removing stm32f30x_tim.o(i.TIM_GetFlagStatus), (14 bytes).
    Removing stm32f30x_tim.o(i.TIM_GetPrescaler), (4 bytes).
    Removing stm32f30x_tim.o(i.TIM_ITRxExternalClockConfig), (18 bytes).
    Removing stm32f30x_tim.o(i.TIM_InternalClockConfig), (12 bytes).
    Removing stm32f30x_tim.o(i.TIM_OC1FastConfig), (12 bytes).
    Removing stm32f30x_tim.o(i.TIM_OC1Init), (136 bytes).
    Removing stm32f30x_tim.o(i.TIM_OC1NPolarityConfig), (12 bytes).
    Removing stm32f30x_tim.o(i.TIM_OC1PolarityConfig), (12 bytes).
    Removing stm32f30x_tim.o(i.TIM_OC1PreloadConfig), (12 bytes).
    Removing stm32f30x_tim.o(i.TIM_OC2FastConfig), (14 bytes).
    Removing stm32f30x_tim.o(i.TIM_OC2Init), (120 bytes).
    Removing stm32f30x_tim.o(i.TIM_OC2NPolarityConfig), (14 bytes).
    Removing stm32f30x_tim.o(i.TIM_OC2PolarityConfig), (14 bytes).
    Removing stm32f30x_tim.o(i.TIM_OC2PreloadConfig), (14 bytes).
    Removing stm32f30x_tim.o(i.TIM_OC3FastConfig), (12 bytes).
    Removing stm32f30x_tim.o(i.TIM_OC3Init), (108 bytes).
    Removing stm32f30x_tim.o(i.TIM_OC3NPolarityConfig), (14 bytes).
    Removing stm32f30x_tim.o(i.TIM_OC3PolarityConfig), (14 bytes).
    Removing stm32f30x_tim.o(i.TIM_OC3PreloadConfig), (12 bytes).
    Removing stm32f30x_tim.o(i.TIM_OC4FastConfig), (14 bytes).
    Removing stm32f30x_tim.o(i.TIM_OC4Init), (84 bytes).
    Removing stm32f30x_tim.o(i.TIM_OC4PolarityConfig), (14 bytes).
    Removing stm32f30x_tim.o(i.TIM_OC4PreloadConfig), (14 bytes).
    Removing stm32f30x_tim.o(i.TIM_OC5Init), (84 bytes).
    Removing stm32f30x_tim.o(i.TIM_OC5PolarityConfig), (14 bytes).
    Removing stm32f30x_tim.o(i.TIM_OC5PreloadConfig), (12 bytes).
    Removing stm32f30x_tim.o(i.TIM_OC6Init), (80 bytes).
    Removing stm32f30x_tim.o(i.TIM_OC6PolarityConfig), (14 bytes).
    Removing stm32f30x_tim.o(i.TIM_OC6PreloadConfig), (14 bytes).
    Removing stm32f30x_tim.o(i.TIM_OCStructInit), (20 bytes).
    Removing stm32f30x_tim.o(i.TIM_PWMIConfig), (108 bytes).
    Removing stm32f30x_tim.o(i.TIM_PrescalerConfig), (6 bytes).
    Removing stm32f30x_tim.o(i.TIM_RemapConfig), (6 bytes).
    Removing stm32f30x_tim.o(i.TIM_SelectCCDMA), (22 bytes).
    Removing stm32f30x_tim.o(i.TIM_SelectCOM), (22 bytes).
    Removing stm32f30x_tim.o(i.TIM_SelectGC5C1), (20 bytes).
    Removing stm32f30x_tim.o(i.TIM_SelectGC5C2), (20 bytes).
    Removing stm32f30x_tim.o(i.TIM_SelectGC5C3), (20 bytes).
    Removing stm32f30x_tim.o(i.TIM_SelectHallSensor), (22 bytes).
    Removing stm32f30x_tim.o(i.TIM_SelectMasterSlaveMode), (18 bytes).
    Removing stm32f30x_tim.o(i.TIM_SelectOCREFClear), (18 bytes).
    Removing stm32f30x_tim.o(i.TIM_SelectOCxM), (76 bytes).
    Removing stm32f30x_tim.o(i.TIM_SelectOnePulseMode), (16 bytes).
    Removing stm32f30x_tim.o(i.TIM_SelectOutputTrigger), (18 bytes).
    Removing stm32f30x_tim.o(i.TIM_SelectOutputTrigger2), (16 bytes).
    Removing stm32f30x_tim.o(i.TIM_SelectSlaveMode), (20 bytes).
    Removing stm32f30x_tim.o(i.TIM_SetAutoreload), (4 bytes).
    Removing stm32f30x_tim.o(i.TIM_SetClockDivision), (16 bytes).
    Removing stm32f30x_tim.o(i.TIM_SetCompare1), (4 bytes).
    Removing stm32f30x_tim.o(i.TIM_SetCompare2), (4 bytes).
    Removing stm32f30x_tim.o(i.TIM_SetCompare3), (4 bytes).
    Removing stm32f30x_tim.o(i.TIM_SetCompare4), (4 bytes).
    Removing stm32f30x_tim.o(i.TIM_SetCompare5), (4 bytes).
    Removing stm32f30x_tim.o(i.TIM_SetCompare6), (4 bytes).
    Removing stm32f30x_tim.o(i.TIM_SetCounter), (4 bytes).
    Removing stm32f30x_tim.o(i.TIM_UIFRemap), (20 bytes).
    Removing stm32f30x_tim.o(i.TIM_UpdateDisableConfig), (20 bytes).
    Removing stm32f30x_tim.o(i.TIM_UpdateRequestConfig), (20 bytes).
    Removing stm32f30x_usart.o(.rev16_text), (4 bytes).
    Removing stm32f30x_usart.o(.revsh_text), (4 bytes).
    Removing stm32f30x_usart.o(i.USART_AddressDetectionConfig), (16 bytes).
    Removing stm32f30x_usart.o(i.USART_AutoBaudRateCmd), (20 bytes).
    Removing stm32f30x_usart.o(i.USART_AutoBaudRateConfig), (16 bytes).
    Removing stm32f30x_usart.o(i.USART_ClearFlag), (4 bytes).
    Removing stm32f30x_usart.o(i.USART_ClearITPendingBit), (10 bytes).
    Removing stm32f30x_usart.o(i.USART_ClockInit), (28 bytes).
    Removing stm32f30x_usart.o(i.USART_ClockStructInit), (12 bytes).
    Removing stm32f30x_usart.o(i.USART_DECmd), (20 bytes).
    Removing stm32f30x_usart.o(i.USART_DEPolarityConfig), (16 bytes).
    Removing stm32f30x_usart.o(i.USART_DMACmd), (16 bytes).
    Removing stm32f30x_usart.o(i.USART_DMAReceptionErrorConfig), (16 bytes).
    Removing stm32f30x_usart.o(i.USART_DataInvCmd), (20 bytes).
    Removing stm32f30x_usart.o(i.USART_DeInit), (116 bytes).
    Removing stm32f30x_usart.o(i.USART_DirectionModeCmd), (16 bytes).
    Removing stm32f30x_usart.o(i.USART_GetITStatus), (58 bytes).
    Removing stm32f30x_usart.o(i.USART_HalfDuplexCmd), (20 bytes).
    Removing stm32f30x_usart.o(i.USART_ITConfig), (40 bytes).
    Removing stm32f30x_usart.o(i.USART_InvPinCmd), (16 bytes).
    Removing stm32f30x_usart.o(i.USART_IrDACmd), (20 bytes).
    Removing stm32f30x_usart.o(i.USART_IrDAConfig), (16 bytes).
    Removing stm32f30x_usart.o(i.USART_LINBreakDetectLengthConfig), (16 bytes).
    Removing stm32f30x_usart.o(i.USART_LINCmd), (20 bytes).
    Removing stm32f30x_usart.o(i.USART_MSBFirstCmd), (20 bytes).
    Removing stm32f30x_usart.o(i.USART_MuteModeCmd), (20 bytes).
    Removing stm32f30x_usart.o(i.USART_MuteModeWakeUpConfig), (16 bytes).
    Removing stm32f30x_usart.o(i.USART_OneBitMethodCmd), (20 bytes).
    Removing stm32f30x_usart.o(i.USART_OverSampling8Cmd), (20 bytes).
    Removing stm32f30x_usart.o(i.USART_OverrunDetectionConfig), (16 bytes).
    Removing stm32f30x_usart.o(i.USART_ReceiveData), (8 bytes).
    Removing stm32f30x_usart.o(i.USART_ReceiverTimeOutCmd), (20 bytes).
    Removing stm32f30x_usart.o(i.USART_RequestCmd), (16 bytes).
    Removing stm32f30x_usart.o(i.USART_STOPModeCmd), (20 bytes).
    Removing stm32f30x_usart.o(i.USART_SWAPPinCmd), (20 bytes).
    Removing stm32f30x_usart.o(i.USART_SetAddress), (18 bytes).
    Removing stm32f30x_usart.o(i.USART_SetAutoRetryCount), (18 bytes).
    Removing stm32f30x_usart.o(i.USART_SetBlockLength), (18 bytes).
    Removing stm32f30x_usart.o(i.USART_SetDEAssertionTime), (18 bytes).
    Removing stm32f30x_usart.o(i.USART_SetDEDeassertionTime), (18 bytes).
    Removing stm32f30x_usart.o(i.USART_SetGuardTime), (16 bytes).
    Removing stm32f30x_usart.o(i.USART_SetPrescaler), (16 bytes).
    Removing stm32f30x_usart.o(i.USART_SetReceiverTimeOut), (16 bytes).
    Removing stm32f30x_usart.o(i.USART_SmartCardCmd), (20 bytes).
    Removing stm32f30x_usart.o(i.USART_SmartCardNACKCmd), (20 bytes).
    Removing stm32f30x_usart.o(i.USART_StopModeWakeUpSourceConfig), (16 bytes).
    Removing stm32f30x_usart.o(i.USART_StructInit), (22 bytes).
    Removing stm32f30x_wwdg.o(.rev16_text), (4 bytes).
    Removing stm32f30x_wwdg.o(.revsh_text), (4 bytes).
    Removing stm32f30x_wwdg.o(i.WWDG_ClearFlag), (12 bytes).
    Removing stm32f30x_wwdg.o(i.WWDG_DeInit), (24 bytes).
    Removing stm32f30x_wwdg.o(i.WWDG_Enable), (16 bytes).
    Removing stm32f30x_wwdg.o(i.WWDG_EnableIT), (16 bytes).
    Removing stm32f30x_wwdg.o(i.WWDG_GetFlagStatus), (20 bytes).
    Removing stm32f30x_wwdg.o(i.WWDG_SetCounter), (16 bytes).
    Removing stm32f30x_wwdg.o(i.WWDG_SetPrescaler), (20 bytes).
    Removing stm32f30x_wwdg.o(i.WWDG_SetWindowValue), (28 bytes).
    Removing stm32f3348_discovery.o(.rev16_text), (4 bytes).
    Removing stm32f3348_discovery.o(.revsh_text), (4 bytes).
    Removing stm32f3348_discovery.o(i.STM_EVAL_LEDInit), (72 bytes).
    Removing stm32f3348_discovery.o(i.STM_EVAL_LEDOff), (24 bytes).
    Removing stm32f3348_discovery.o(i.STM_EVAL_LEDOn), (24 bytes).
    Removing stm32f3348_discovery.o(i.STM_EVAL_LEDToggle), (28 bytes).
    Removing stm32f3348_discovery.o(i.STM_EVAL_PBGetState), (24 bytes).
    Removing stm32f3348_discovery.o(i.STM_EVAL_PBInit), (156 bytes).
    Removing stm32f3348_discovery.o(.constdata), (36 bytes).
    Removing stm32f3348_discovery.o(.data), (20 bytes).
    Removing main.o(.rev16_text), (4 bytes).
    Removing main.o(.revsh_text), (4 bytes).
    Removing main.o(.bss), (32 bytes).
    Removing main.o(.data), (4 bytes).
    Removing stm32f3xx_it.o(.rev16_text), (4 bytes).
    Removing stm32f3xx_it.o(.revsh_text), (4 bytes).
    Removing system_stm32f30x.o(.rev16_text), (4 bytes).
    Removing system_stm32f30x.o(.revsh_text), (4 bytes).
    Removing system_stm32f30x.o(i.SystemCoreClockUpdate), (108 bytes).
    Removing timer.o(.rev16_text), (4 bytes).
    Removing timer.o(.revsh_text), (4 bytes).
    Removing timer.o(i.timerEnableCapture), (76 bytes).
    Removing timer.o(i.timerGetCounter), (12 bytes).
    Removing timer.o(i.timerSetCounter), (12 bytes).
    Removing timer.o(i.timerStop), (24 bytes).
    Removing timer.o(i.timerStopInts), (48 bytes).
    Removing timer.o(i.waitForTimer), (8 bytes).
    Removing usart.o(.rev16_text), (4 bytes).
    Removing usart.o(.revsh_text), (4 bytes).
    Removing capture.o(.rev16_text), (4 bytes).
    Removing capture.o(.revsh_text), (4 bytes).
    Removing capture.o(i.Capture), (132 bytes).
    Removing capture.o(i.ClearCaptureBuffers), (56 bytes).
    Removing capture.o(i.SearchPattern), (116 bytes).
    Removing capture.o(i.biPhaseCapture), (136 bytes).
    Removing capture.o(i.storeBit), (116 bytes).
    Removing capture.o(i.store_pulse), (32 bytes).
    Removing capture.o(i.store_pulse_length), (40 bytes).
    Removing capture.o(.bss), (1676 bytes).
    Removing capture.o(.data), (22 bytes).
    Removing animal.o(.rev16_text), (4 bytes).
    Removing animal.o(.revsh_text), (4 bytes).
    Removing animal.o(i.AnimalCapture), (48 bytes).
    Removing animal.o(i.AnimalCapture_lowLevel), (52 bytes).
    Removing animal.o(i.AnimalString), (268 bytes).
    Removing animal.o(i.AnimalTestCrcCheck), (52 bytes).
    Removing animal.o(i.AnimalTestValidRange), (112 bytes).
    Removing animal.o(i.CheckAnimalData), (104 bytes).
    Removing animal.o(i.iso11785CRC), (44 bytes).
    Removing animal.o(.bss), (176 bytes).
    Removing animal.o(.constdata), (52 bytes).
    Removing animal.o(.data), (258 bytes).
    Removing button.o(.rev16_text), (4 bytes).
    Removing button.o(.revsh_text), (4 bytes).
    Removing button.o(i.Button_State), (10 bytes).
    Removing dadd.o(.text), (334 bytes).
    Removing dmul.o(.text), (228 bytes).
    Removing ddiv.o(.text), (222 bytes).
    Removing dfixul.o(.text), (48 bytes).
    Removing cdrcmple.o(.text), (48 bytes).
    Removing depilogue.o(.text), (186 bytes).

730 unused section(s) (total 27718 bytes) removed from the image.

==============================================================================

Image Symbol Table

    Local Symbols

    Symbol Name                              Value     Ov Type        Size  Object(Section)

    ../clib/microlib/division.c              0x00000000   Number         0  uidiv.o ABSOLUTE
    ../clib/microlib/division.c              0x00000000   Number         0  ldiv.o ABSOLUTE
    ../clib/microlib/division.c              0x00000000   Number         0  uldiv.o ABSOLUTE
    ../clib/microlib/init/entry.s            0x00000000   Number         0  entry10a.o ABSOLUTE
    ../clib/microlib/init/entry.s            0x00000000   Number         0  entry5.o ABSOLUTE
    ../clib/microlib/init/entry.s            0x00000000   Number         0  entry8b.o ABSOLUTE
    ../clib/microlib/init/entry.s            0x00000000   Number         0  entry8a.o ABSOLUTE
    ../clib/microlib/init/entry.s            0x00000000   Number         0  entry7b.o ABSOLUTE
    ../clib/microlib/init/entry.s            0x00000000   Number         0  entry11a.o ABSOLUTE
    ../clib/microlib/init/entry.s            0x00000000   Number         0  entry.o ABSOLUTE
    ../clib/microlib/init/entry.s            0x00000000   Number         0  entry11b.o ABSOLUTE
    ../clib/microlib/init/entry.s            0x00000000   Number         0  entry2.o ABSOLUTE
    ../clib/microlib/init/entry.s            0x00000000   Number         0  entry9b.o ABSOLUTE
    ../clib/microlib/init/entry.s            0x00000000   Number         0  entry7a.o ABSOLUTE
    ../clib/microlib/init/entry.s            0x00000000   Number         0  entry10b.o ABSOLUTE
    ../clib/microlib/init/entry.s            0x00000000   Number         0  entry9a.o ABSOLUTE
    ../clib/microlib/longlong.c              0x00000000   Number         0  llushr.o ABSOLUTE
    ../clib/microlib/longlong.c              0x00000000   Number         0  llsshr.o ABSOLUTE
    ../clib/microlib/longlong.c              0x00000000   Number         0  llshl.o ABSOLUTE
    ../clib/microlib/printf/printf.c         0x00000000   Number         0  printf4.o ABSOLUTE
    ../clib/microlib/printf/printf.c         0x00000000   Number         0  printf3.o ABSOLUTE
    ../clib/microlib/printf/printf.c         0x00000000   Number         0  printf2.o ABSOLUTE
    ../clib/microlib/printf/printf.c         0x00000000   Number         0  printf1.o ABSOLUTE
    ../clib/microlib/printf/printf.c         0x00000000   Number         0  printf0.o ABSOLUTE
    ../clib/microlib/printf/printf.c         0x00000000   Number         0  printfb.o ABSOLUTE
    ../clib/microlib/printf/printf.c         0x00000000   Number         0  printf6.o ABSOLUTE
    ../clib/microlib/printf/printf.c         0x00000000   Number         0  printf5.o ABSOLUTE
    ../clib/microlib/printf/printf.c         0x00000000   Number         0  printfa.o ABSOLUTE
    ../clib/microlib/printf/printf.c         0x00000000   Number         0  printf8.o ABSOLUTE
    ../clib/microlib/printf/printf.c         0x00000000   Number         0  printf7.o ABSOLUTE
    ../clib/microlib/printf/stubs.s          0x00000000   Number         0  stubs.o ABSOLUTE
    ../clib/microlib/stdio/fputc.c           0x00000000   Number         0  fputc.o ABSOLUTE
    ../clib/microlib/stdio/semi.s            0x00000000   Number         0  semi.o ABSOLUTE
    ../clib/microlib/stdio/streams.c         0x00000000   Number         0  stdout.o ABSOLUTE
    ../clib/microlib/string/memcpy.c         0x00000000   Number         0  memcpya.o ABSOLUTE
    ../clib/microlib/string/memcpy.c         0x00000000   Number         0  memcpyb.o ABSOLUTE
    ../clib/microlib/string/strlen.c         0x00000000   Number         0  strlen.o ABSOLUTE
    ../clib/microlib/stubs.s                 0x00000000   Number         0  iusefp.o ABSOLUTE
    ../clib/microlib/stubs.s                 0x00000000   Number         0  iusesemip.o ABSOLUTE
    ../fplib/microlib/fpadd.c                0x00000000   Number         0  dadd.o ABSOLUTE
    ../fplib/microlib/fpdiv.c                0x00000000   Number         0  ddiv.o ABSOLUTE
    ../fplib/microlib/fpepilogue.c           0x00000000   Number         0  depilogue.o ABSOLUTE
    ../fplib/microlib/fpfix.c                0x00000000   Number         0  dfixul.o ABSOLUTE
    ../fplib/microlib/fpmul.c                0x00000000   Number         0  dmul.o ABSOLUTE
    ..\..\..\..\Libraries\CMSIS\Device\ST\STM32F30x\Source\Templates\arm\startup_stm32f334x8.s 0x00000000   Number         0  startup_stm32f334x8.o ABSOLUTE
    ..\..\..\..\Libraries\STM32F30x_StdPeriph_Driver\src\stm32f30x_adc.c 0x00000000   Number         0  stm32f30x_adc.o ABSOLUTE
    ..\..\..\..\Libraries\STM32F30x_StdPeriph_Driver\src\stm32f30x_can.c 0x00000000   Number         0  stm32f30x_can.o ABSOLUTE
    ..\..\..\..\Libraries\STM32F30x_StdPeriph_Driver\src\stm32f30x_comp.c 0x00000000   Number         0  stm32f30x_comp.o ABSOLUTE
    ..\..\..\..\Libraries\STM32F30x_StdPeriph_Driver\src\stm32f30x_crc.c 0x00000000   Number         0  stm32f30x_crc.o ABSOLUTE
    ..\..\..\..\Libraries\STM32F30x_StdPeriph_Driver\src\stm32f30x_dac.c 0x00000000   Number         0  stm32f30x_dac.o ABSOLUTE
    ..\..\..\..\Libraries\STM32F30x_StdPeriph_Driver\src\stm32f30x_dbgmcu.c 0x00000000   Number         0  stm32f30x_dbgmcu.o ABSOLUTE
    ..\..\..\..\Libraries\STM32F30x_StdPeriph_Driver\src\stm32f30x_dma.c 0x00000000   Number         0  stm32f30x_dma.o ABSOLUTE
    ..\..\..\..\Libraries\STM32F30x_StdPeriph_Driver\src\stm32f30x_exti.c 0x00000000   Number         0  stm32f30x_exti.o ABSOLUTE
    ..\..\..\..\Libraries\STM32F30x_StdPeriph_Driver\src\stm32f30x_flash.c 0x00000000   Number         0  stm32f30x_flash.o ABSOLUTE
    ..\..\..\..\Libraries\STM32F30x_StdPeriph_Driver\src\stm32f30x_gpio.c 0x00000000   Number         0  stm32f30x_gpio.o ABSOLUTE
    ..\..\..\..\Libraries\STM32F30x_StdPeriph_Driver\src\stm32f30x_hrtim.c 0x00000000   Number         0  stm32f30x_hrtim.o ABSOLUTE
    ..\..\..\..\Libraries\STM32F30x_StdPeriph_Driver\src\stm32f30x_i2c.c 0x00000000   Number         0  stm32f30x_i2c.o ABSOLUTE
    ..\..\..\..\Libraries\STM32F30x_StdPeriph_Driver\src\stm32f30x_iwdg.c 0x00000000   Number         0  stm32f30x_iwdg.o ABSOLUTE
    ..\..\..\..\Libraries\STM32F30x_StdPeriph_Driver\src\stm32f30x_misc.c 0x00000000   Number         0  stm32f30x_misc.o ABSOLUTE
    ..\..\..\..\Libraries\STM32F30x_StdPeriph_Driver\src\stm32f30x_opamp.c 0x00000000   Number         0  stm32f30x_opamp.o ABSOLUTE
    ..\..\..\..\Libraries\STM32F30x_StdPeriph_Driver\src\stm32f30x_pwr.c 0x00000000   Number         0  stm32f30x_pwr.o ABSOLUTE
    ..\..\..\..\Libraries\STM32F30x_StdPeriph_Driver\src\stm32f30x_rcc.c 0x00000000   Number         0  stm32f30x_rcc.o ABSOLUTE
    ..\..\..\..\Libraries\STM32F30x_StdPeriph_Driver\src\stm32f30x_rtc.c 0x00000000   Number         0  stm32f30x_rtc.o ABSOLUTE
    ..\..\..\..\Libraries\STM32F30x_StdPeriph_Driver\src\stm32f30x_spi.c 0x00000000   Number         0  stm32f30x_spi.o ABSOLUTE
    ..\..\..\..\Libraries\STM32F30x_StdPeriph_Driver\src\stm32f30x_syscfg.c 0x00000000   Number         0  stm32f30x_syscfg.o ABSOLUTE
    ..\..\..\..\Libraries\STM32F30x_StdPeriph_Driver\src\stm32f30x_tim.c 0x00000000   Number         0  stm32f30x_tim.o ABSOLUTE
    ..\..\..\..\Libraries\STM32F30x_StdPeriph_Driver\src\stm32f30x_usart.c 0x00000000   Number         0  stm32f30x_usart.o ABSOLUTE
    ..\..\..\..\Libraries\STM32F30x_StdPeriph_Driver\src\stm32f30x_wwdg.c 0x00000000   Number         0  stm32f30x_wwdg.o ABSOLUTE
    ..\..\..\..\Utilities\STM32F3348-Discovery\stm32f3348_discovery.c 0x00000000   Number         0  stm32f3348_discovery.o ABSOLUTE
    ..\\..\\..\\..\\Libraries\\STM32F30x_StdPeriph_Driver\\src\\stm32f30x_adc.c 0x00000000   Number         0  stm32f30x_adc.o ABSOLUTE
    ..\\..\\..\\..\\Libraries\\STM32F30x_StdPeriph_Driver\\src\\stm32f30x_can.c 0x00000000   Number         0  stm32f30x_can.o ABSOLUTE
    ..\\..\\..\\..\\Libraries\\STM32F30x_StdPeriph_Driver\\src\\stm32f30x_comp.c 0x00000000   Number         0  stm32f30x_comp.o ABSOLUTE
    ..\\..\\..\\..\\Libraries\\STM32F30x_StdPeriph_Driver\\src\\stm32f30x_crc.c 0x00000000   Number         0  stm32f30x_crc.o ABSOLUTE
    ..\\..\\..\\..\\Libraries\\STM32F30x_StdPeriph_Driver\\src\\stm32f30x_dac.c 0x00000000   Number         0  stm32f30x_dac.o ABSOLUTE
    ..\\..\\..\\..\\Libraries\\STM32F30x_StdPeriph_Driver\\src\\stm32f30x_dbgmcu.c 0x00000000   Number         0  stm32f30x_dbgmcu.o ABSOLUTE
    ..\\..\\..\\..\\Libraries\\STM32F30x_StdPeriph_Driver\\src\\stm32f30x_dma.c 0x00000000   Number         0  stm32f30x_dma.o ABSOLUTE
    ..\\..\\..\\..\\Libraries\\STM32F30x_StdPeriph_Driver\\src\\stm32f30x_exti.c 0x00000000   Number         0  stm32f30x_exti.o ABSOLUTE
    ..\\..\\..\\..\\Libraries\\STM32F30x_StdPeriph_Driver\\src\\stm32f30x_flash.c 0x00000000   Number         0  stm32f30x_flash.o ABSOLUTE
    ..\\..\\..\\..\\Libraries\\STM32F30x_StdPeriph_Driver\\src\\stm32f30x_gpio.c 0x00000000   Number         0  stm32f30x_gpio.o ABSOLUTE
    ..\\..\\..\\..\\Libraries\\STM32F30x_StdPeriph_Driver\\src\\stm32f30x_hrtim.c 0x00000000   Number         0  stm32f30x_hrtim.o ABSOLUTE
    ..\\..\\..\\..\\Libraries\\STM32F30x_StdPeriph_Driver\\src\\stm32f30x_i2c.c 0x00000000   Number         0  stm32f30x_i2c.o ABSOLUTE
    ..\\..\\..\\..\\Libraries\\STM32F30x_StdPeriph_Driver\\src\\stm32f30x_iwdg.c 0x00000000   Number         0  stm32f30x_iwdg.o ABSOLUTE
    ..\\..\\..\\..\\Libraries\\STM32F30x_StdPeriph_Driver\\src\\stm32f30x_misc.c 0x00000000   Number         0  stm32f30x_misc.o ABSOLUTE
    ..\\..\\..\\..\\Libraries\\STM32F30x_StdPeriph_Driver\\src\\stm32f30x_opamp.c 0x00000000   Number         0  stm32f30x_opamp.o ABSOLUTE
    ..\\..\\..\\..\\Libraries\\STM32F30x_StdPeriph_Driver\\src\\stm32f30x_pwr.c 0x00000000   Number         0  stm32f30x_pwr.o ABSOLUTE
    ..\\..\\..\\..\\Libraries\\STM32F30x_StdPeriph_Driver\\src\\stm32f30x_rcc.c 0x00000000   Number         0  stm32f30x_rcc.o ABSOLUTE
    ..\\..\\..\\..\\Libraries\\STM32F30x_StdPeriph_Driver\\src\\stm32f30x_rtc.c 0x00000000   Number         0  stm32f30x_rtc.o ABSOLUTE
    ..\\..\\..\\..\\Libraries\\STM32F30x_StdPeriph_Driver\\src\\stm32f30x_spi.c 0x00000000   Number         0  stm32f30x_spi.o ABSOLUTE
    ..\\..\\..\\..\\Libraries\\STM32F30x_StdPeriph_Driver\\src\\stm32f30x_syscfg.c 0x00000000   Number         0  stm32f30x_syscfg.o ABSOLUTE
    ..\\..\\..\\..\\Libraries\\STM32F30x_StdPeriph_Driver\\src\\stm32f30x_tim.c 0x00000000   Number         0  stm32f30x_tim.o ABSOLUTE
    ..\\..\\..\\..\\Libraries\\STM32F30x_StdPeriph_Driver\\src\\stm32f30x_usart.c 0x00000000   Number         0  stm32f30x_usart.o ABSOLUTE
    ..\\..\\..\\..\\Libraries\\STM32F30x_StdPeriph_Driver\\src\\stm32f30x_wwdg.c 0x00000000   Number         0  stm32f30x_wwdg.o ABSOLUTE
    ..\\..\\..\\..\\Utilities\\STM32F3348-Discovery\\stm32f3348_discovery.c 0x00000000   Number         0  stm32f3348_discovery.o ABSOLUTE
    ..\\animal.c                             0x00000000   Number         0  animal.o ABSOLUTE
    ..\\button.c                             0x00000000   Number         0  button.o ABSOLUTE
    ..\\capture.c                            0x00000000   Number         0  capture.o ABSOLUTE
    ..\\main.c                               0x00000000   Number         0  main.o ABSOLUTE
    ..\\stm32f3xx_it.c                       0x00000000   Number         0  stm32f3xx_it.o ABSOLUTE
    ..\\system_stm32f30x.c                   0x00000000   Number         0  system_stm32f30x.o ABSOLUTE
    ..\\timer.c                              0x00000000   Number         0  timer.o ABSOLUTE
    ..\\usart.c                              0x00000000   Number         0  usart.o ABSOLUTE
    ..\animal.c                              0x00000000   Number         0  animal.o ABSOLUTE
    ..\button.c                              0x00000000   Number         0  button.o ABSOLUTE
    ..\capture.c                             0x00000000   Number         0  capture.o ABSOLUTE
    ..\main.c                                0x00000000   Number         0  main.o ABSOLUTE
    ..\stm32f3xx_it.c                        0x00000000   Number         0  stm32f3xx_it.o ABSOLUTE
    ..\system_stm32f30x.c                    0x00000000   Number         0  system_stm32f30x.o ABSOLUTE
    ..\timer.c                               0x00000000   Number         0  timer.o ABSOLUTE
    ..\usart.c                               0x00000000   Number         0  usart.o ABSOLUTE
    cdrcmple.s                               0x00000000   Number         0  cdrcmple.o ABSOLUTE
    dc.s                                     0x00000000   Number         0  dc.o ABSOLUTE
    handlers.s                               0x00000000   Number         0  handlers.o ABSOLUTE
    init.s                                   0x00000000   Number         0  init.o ABSOLUTE
    RESET                                    0x08000000   Section      392  startup_stm32f334x8.o(RESET)
    .ARM.Collect$$$$00000000                 0x08000188   Section        0  entry.o(.ARM.Collect$$$$00000000)
    .ARM.Collect$$$$00000001                 0x08000188   Section        4  entry2.o(.ARM.Collect$$$$00000001)
    .ARM.Collect$$$$00000004                 0x0800018c   Section        4  entry5.o(.ARM.Collect$$$$00000004)
    .ARM.Collect$$$$00000008                 0x08000190   Section        0  entry7b.o(.ARM.Collect$$$$00000008)
    .ARM.Collect$$$$0000000A                 0x08000190   Section        0  entry8b.o(.ARM.Collect$$$$0000000A)
    .ARM.Collect$$$$0000000B                 0x08000190   Section        8  entry9a.o(.ARM.Collect$$$$0000000B)
    .ARM.Collect$$$$0000000D                 0x08000198   Section        0  entry10a.o(.ARM.Collect$$$$0000000D)
    .ARM.Collect$$$$0000000F                 0x08000198   Section        0  entry11a.o(.ARM.Collect$$$$0000000F)
    .ARM.Collect$$$$00002712                 0x08000198   Section        4  entry2.o(.ARM.Collect$$$$00002712)
    __lit__00000000                          0x08000198   Data           4  entry2.o(.ARM.Collect$$$$00002712)
    .text                                    0x0800019c   Section       36  startup_stm32f334x8.o(.text)
    $v0                                      0x0800019c   Number         0  startup_stm32f334x8.o(.text)
    .text                                    0x080001c0   Section        0  strlen.o(.text)
    .text                                    0x080001d0   Section       36  init.o(.text)
    i.BusFault_Handler                       0x080001f4   Section        0  stm32f3xx_it.o(i.BusFault_Handler)
    i.Button_Config                          0x080001f6   Section        0  button.o(i.Button_Config)
    i.DebugMon_Handler                       0x08000234   Section        0  stm32f3xx_it.o(i.DebugMon_Handler)
    i.Delay                                  0x08000238   Section        0  main.o(i.Delay)
    i.GPIO_Configuration                     0x0800025c   Section        0  main.o(i.GPIO_Configuration)
    i.GPIO_Init                              0x080002d8   Section        0  stm32f30x_gpio.o(i.GPIO_Init)
    i.GPIO_PinAFConfig                       0x0800034c   Section        0  stm32f30x_gpio.o(i.GPIO_PinAFConfig)
    i.GPIO_ResetBits                         0x0800036c   Section        0  stm32f30x_gpio.o(i.GPIO_ResetBits)
    i.GPIO_SetBits                           0x08000370   Section        0  stm32f30x_gpio.o(i.GPIO_SetBits)
    i.GPIO_StructInit                        0x08000374   Section        0  stm32f30x_gpio.o(i.GPIO_StructInit)
    i.HardFault_Handler                      0x08000388   Section        0  stm32f3xx_it.o(i.HardFault_Handler)
    i.MemManage_Handler                      0x080003b8   Section        0  stm32f3xx_it.o(i.MemManage_Handler)
    i.NMI_Handler                            0x080003ba   Section        0  stm32f3xx_it.o(i.NMI_Handler)
    i.NVIC_Init                              0x080003bc   Section        0  stm32f30x_misc.o(i.NVIC_Init)
    i.PendSV_Handler                         0x08000420   Section        0  stm32f3xx_it.o(i.PendSV_Handler)
    i.RCC_AHBPeriphClockCmd                  0x08000424   Section        0  stm32f30x_rcc.o(i.RCC_AHBPeriphClockCmd)
    i.RCC_APB1PeriphClockCmd                 0x0800043c   Section        0  stm32f30x_rcc.o(i.RCC_APB1PeriphClockCmd)
    i.RCC_APB2PeriphClockCmd                 0x08000454   Section        0  stm32f30x_rcc.o(i.RCC_APB2PeriphClockCmd)
    i.RCC_Configuration                      0x0800046c   Section        0  main.o(i.RCC_Configuration)
    i.RCC_GetClocksFreq                      0x080004a4   Section        0  stm32f30x_rcc.o(i.RCC_GetClocksFreq)
    i.SVC_Handler                            0x08000784   Section        0  stm32f3xx_it.o(i.SVC_Handler)
    i.SetSysClock                            0x08000788   Section        0  system_stm32f30x.o(i.SetSysClock)
    SetSysClock                              0x08000789   Thumb Code    88  system_stm32f30x.o(i.SetSysClock)
    i.SysTick_Handler                        0x080007e8   Section        0  stm32f3xx_it.o(i.SysTick_Handler)
    i.SystemInit                             0x080007ec   Section        0  system_stm32f30x.o(i.SystemInit)
    i.TI1_Config                             0x08000854   Section        0  stm32f30x_tim.o(i.TI1_Config)
    TI1_Config                               0x08000855   Thumb Code    40  stm32f30x_tim.o(i.TI1_Config)
    i.TI2_Config                             0x0800087c   Section        0  stm32f30x_tim.o(i.TI2_Config)
    TI2_Config                               0x0800087d   Thumb Code    54  stm32f30x_tim.o(i.TI2_Config)
    i.TIM3_IRQHandler                        0x080008b4   Section        0  timer.o(i.TIM3_IRQHandler)
    i.TIM_ARRPreloadConfig                   0x0800096c   Section        0  stm32f30x_tim.o(i.TIM_ARRPreloadConfig)
    i.TIM_ClearITPendingBit                  0x08000980   Section        0  stm32f30x_tim.o(i.TIM_ClearITPendingBit)
    i.TIM_Cmd                                0x08000988   Section        0  stm32f30x_tim.o(i.TIM_Cmd)
    i.TIM_Config                             0x0800099c   Section        0  timer.o(i.TIM_Config)
    i.TIM_GetCapture2                        0x08000a3c   Section        0  stm32f30x_tim.o(i.TIM_GetCapture2)
    i.TIM_GetCounter                         0x08000a40   Section        0  stm32f30x_tim.o(i.TIM_GetCounter)
    i.TIM_GetITStatus                        0x08000a44   Section        0  stm32f30x_tim.o(i.TIM_GetITStatus)
    i.TIM_ICInit                             0x08000a5c   Section        0  stm32f30x_tim.o(i.TIM_ICInit)
    i.TIM_ICStructInit                       0x08000b14   Section        0  stm32f30x_tim.o(i.TIM_ICStructInit)
    i.TIM_ITConfig                           0x08000b24   Section        0  stm32f30x_tim.o(i.TIM_ITConfig)
    i.TIM_SelectInputTrigger                 0x08000b38   Section        0  stm32f30x_tim.o(i.TIM_SelectInputTrigger)
    i.TIM_SetIC1Prescaler                    0x08000b46   Section        0  stm32f30x_tim.o(i.TIM_SetIC1Prescaler)
    i.TIM_SetIC2Prescaler                    0x08000b56   Section        0  stm32f30x_tim.o(i.TIM_SetIC2Prescaler)
    i.TIM_SetIC3Prescaler                    0x08000b68   Section        0  stm32f30x_tim.o(i.TIM_SetIC3Prescaler)
    i.TIM_SetIC4Prescaler                    0x08000b7a   Section        0  stm32f30x_tim.o(i.TIM_SetIC4Prescaler)
    i.TIM_TIxExternalClockConfig             0x08000b94   Section        0  stm32f30x_tim.o(i.TIM_TIxExternalClockConfig)
    i.TIM_TimeBaseInit                       0x08000bc4   Section        0  stm32f30x_tim.o(i.TIM_TimeBaseInit)
    i.TIM_TimeBaseStructInit                 0x08000c54   Section        0  stm32f30x_tim.o(i.TIM_TimeBaseStructInit)
    i.Timing_Tick                            0x08000c68   Section        0  main.o(i.Timing_Tick)
    i.USART1_Configuration                   0x08000ca0   Section        0  usart.o(i.USART1_Configuration)
    i.USART1_SendStr                         0x08000cdc   Section        0  usart.o(i.USART1_SendStr)
    i.USART_Cmd                              0x08000d10   Section        0  stm32f30x_usart.o(i.USART_Cmd)
    i.USART_GetFlagStatus                    0x08000d24   Section        0  stm32f30x_usart.o(i.USART_GetFlagStatus)
    i.USART_Init                             0x08000d34   Section        0  stm32f30x_usart.o(i.USART_Init)
    i.USART_SendData                         0x08000dfc   Section        0  stm32f30x_usart.o(i.USART_SendData)
    i.UsageFault_Handler                     0x08000e04   Section        0  stm32f3xx_it.o(i.UsageFault_Handler)
    i._GPIO_Configuration                    0x08000e06   Section        0  usart.o(i._GPIO_Configuration)
    _GPIO_Configuration                      0x08000e07   Thumb Code   104  usart.o(i._GPIO_Configuration)
    i.__scatterload_copy                     0x08000e6e   Section       14  handlers.o(i.__scatterload_copy)
    i.__scatterload_null                     0x08000e7c   Section        2  handlers.o(i.__scatterload_null)
    i.__scatterload_zeroinit                 0x08000e7e   Section       14  handlers.o(i.__scatterload_zeroinit)
    i.ledOff                                 0x08000e8c   Section        0  button.o(i.ledOff)
    i.ledOn                                  0x08000e96   Section        0  button.o(i.ledOn)
    i.main                                   0x08000ea0   Section        0  main.o(i.main)
    .data                                    0x20000000   Section       48  stm32f30x_rcc.o(.data)
    APBAHBPrescTable                         0x20000000   Data          16  stm32f30x_rcc.o(.data)
    ADCPrescTable                            0x20000010   Data          32  stm32f30x_rcc.o(.data)
    .data                                    0x20000030   Section        4  main.o(.data)
    TickCounter                              0x20000030   Data           4  main.o(.data)
    .data                                    0x20000034   Section       20  system_stm32f30x.o(.data)
    .data                                    0x20000048   Section       28  timer.o(.data)
    .bss                                     0x20000064   Section       10  timer.o(.bss)
    STACK                                    0x20000070   Section     1024  startup_stm32f334x8.o(STACK)

    Global Symbols

    Symbol Name                              Value     Ov Type        Size  Object(Section)

    BuildAttributes$$THM_ISAv4$E$P$D$K$B$S$7EM$VFPi3$EXTD16$VFPS$VFMA$PE$A:L22UL41UL21$X:L11$S22US41US21$IEEE1$IW$USESV6$~STKCKD$USESV7$~SHL$OSPACE$ROPI$EBA8$MICROLIB$REQ8$PRES8$EABIv2 0x00000000   Number         0  anon$$obj.o ABSOLUTE
    __ARM_use_no_argv                        0x00000000   Number         0  main.o ABSOLUTE
    _printf_a                                0x00000000   Number         0  stubs.o ABSOLUTE
    _printf_c                                0x00000000   Number         0  stubs.o ABSOLUTE
    _printf_charcount                        0x00000000   Number         0  stubs.o ABSOLUTE
    _printf_d                                0x00000000   Number         0  stubs.o ABSOLUTE
    _printf_e                                0x00000000   Number         0  stubs.o ABSOLUTE
    _printf_f                                0x00000000   Number         0  stubs.o ABSOLUTE
    _printf_flags                            0x00000000   Number         0  stubs.o ABSOLUTE
    _printf_fp_dec                           0x00000000   Number         0  stubs.o ABSOLUTE
    _printf_fp_hex                           0x00000000   Number         0  stubs.o ABSOLUTE
    _printf_g                                0x00000000   Number         0  stubs.o ABSOLUTE
    _printf_i                                0x00000000   Number         0  stubs.o ABSOLUTE
    _printf_int_dec                          0x00000000   Number         0  stubs.o ABSOLUTE
    _printf_l                                0x00000000   Number         0  stubs.o ABSOLUTE
    _printf_lc                               0x00000000   Number         0  stubs.o ABSOLUTE
    _printf_ll                               0x00000000   Number         0  stubs.o ABSOLUTE
    _printf_lld                              0x00000000   Number         0  stubs.o ABSOLUTE
    _printf_lli                              0x00000000   Number         0  stubs.o ABSOLUTE
    _printf_llo                              0x00000000   Number         0  stubs.o ABSOLUTE
    _printf_llu                              0x00000000   Number         0  stubs.o ABSOLUTE
    _printf_llx                              0x00000000   Number         0  stubs.o ABSOLUTE
    _printf_longlong_dec                     0x00000000   Number         0  stubs.o ABSOLUTE
    _printf_longlong_hex                     0x00000000   Number         0  stubs.o ABSOLUTE
    _printf_longlong_oct                     0x00000000   Number         0  stubs.o ABSOLUTE
    _printf_ls                               0x00000000   Number         0  stubs.o ABSOLUTE
    _printf_mbtowc                           0x00000000   Number         0  stubs.o ABSOLUTE
    _printf_n                                0x00000000   Number         0  stubs.o ABSOLUTE
    _printf_o                                0x00000000   Number         0  stubs.o ABSOLUTE
    _printf_p                                0x00000000   Number         0  stubs.o ABSOLUTE
    _printf_percent                          0x00000000   Number         0  stubs.o ABSOLUTE
    _printf_pre_padding                      0x00000000   Number         0  stubs.o ABSOLUTE
    _printf_return_value                     0x00000000   Number         0  stubs.o ABSOLUTE
    _printf_s                                0x00000000   Number         0  stubs.o ABSOLUTE
    _printf_sizespec                         0x00000000   Number         0  stubs.o ABSOLUTE
    _printf_str                              0x00000000   Number         0  stubs.o ABSOLUTE
    _printf_truncate_signed                  0x00000000   Number         0  stubs.o ABSOLUTE
    _printf_truncate_unsigned                0x00000000   Number         0  stubs.o ABSOLUTE
    _printf_u                                0x00000000   Number         0  stubs.o ABSOLUTE
    _printf_wc                               0x00000000   Number         0  stubs.o ABSOLUTE
    _printf_wctomb                           0x00000000   Number         0  stubs.o ABSOLUTE
    _printf_widthprec                        0x00000000   Number         0  stubs.o ABSOLUTE
    _printf_x                                0x00000000   Number         0  stubs.o ABSOLUTE
    __cpp_initialize__aeabi_                  - Undefined Weak Reference
    __cxa_finalize                            - Undefined Weak Reference
    __decompress                              - Undefined Weak Reference
    _clock_init                               - Undefined Weak Reference
    _microlib_exit                            - Undefined Weak Reference
    __Vectors_Size                           0x00000188   Number         0  startup_stm32f334x8.o ABSOLUTE
    __Vectors                                0x08000000   Data           4  startup_stm32f334x8.o(RESET)
    __Vectors_End                            0x08000188   Data           0  startup_stm32f334x8.o(RESET)
    __main                                   0x08000189   Thumb Code     0  entry.o(.ARM.Collect$$$$00000000)
    _main_stk                                0x08000189   Thumb Code     0  entry2.o(.ARM.Collect$$$$00000001)
    _main_scatterload                        0x0800018d   Thumb Code     0  entry5.o(.ARM.Collect$$$$00000004)
    __main_after_scatterload                 0x08000191   Thumb Code     0  entry5.o(.ARM.Collect$$$$00000004)
    _main_clock                              0x08000191   Thumb Code     0  entry7b.o(.ARM.Collect$$$$00000008)
    _main_cpp_init                           0x08000191   Thumb Code     0  entry8b.o(.ARM.Collect$$$$0000000A)
    _main_init                               0x08000191   Thumb Code     0  entry9a.o(.ARM.Collect$$$$0000000B)
    __rt_final_cpp                           0x08000199   Thumb Code     0  entry10a.o(.ARM.Collect$$$$0000000D)
    __rt_final_exit                          0x08000199   Thumb Code     0  entry11a.o(.ARM.Collect$$$$0000000F)
    Reset_Handler                            0x0800019d   Thumb Code     8  startup_stm32f334x8.o(.text)
    ADC1_2_IRQHandler                        0x080001b7   Thumb Code     0  startup_stm32f334x8.o(.text)
    CAN1_RX0_IRQHandler                      0x080001b7   Thumb Code     0  startup_stm32f334x8.o(.text)
    CAN1_RX1_IRQHandler                      0x080001b7   Thumb Code     0  startup_stm32f334x8.o(.text)
    CAN1_SCE_IRQHandler                      0x080001b7   Thumb Code     0  startup_stm32f334x8.o(.text)
    CAN1_TX_IRQHandler                       0x080001b7   Thumb Code     0  startup_stm32f334x8.o(.text)
    COMP2_IRQHandler                         0x080001b7   Thumb Code     0  startup_stm32f334x8.o(.text)
    COMP4_6_IRQHandler                       0x080001b7   Thumb Code     0  startup_stm32f334x8.o(.text)
    DMA1_Channel1_IRQHandler                 0x080001b7   Thumb Code     0  startup_stm32f334x8.o(.text)
    DMA1_Channel2_IRQHandler                 0x080001b7   Thumb Code     0  startup_stm32f334x8.o(.text)
    DMA1_Channel3_IRQHandler                 0x080001b7   Thumb Code     0  startup_stm32f334x8.o(.text)
    DMA1_Channel4_IRQHandler                 0x080001b7   Thumb Code     0  startup_stm32f334x8.o(.text)
    DMA1_Channel5_IRQHandler                 0x080001b7   Thumb Code     0  startup_stm32f334x8.o(.text)
    DMA1_Channel6_IRQHandler                 0x080001b7   Thumb Code     0  startup_stm32f334x8.o(.text)
    DMA1_Channel7_IRQHandler                 0x080001b7   Thumb Code     0  startup_stm32f334x8.o(.text)
    EXTI0_IRQHandler                         0x080001b7   Thumb Code     0  startup_stm32f334x8.o(.text)
    EXTI15_10_IRQHandler                     0x080001b7   Thumb Code     0  startup_stm32f334x8.o(.text)
    EXTI1_IRQHandler                         0x080001b7   Thumb Code     0  startup_stm32f334x8.o(.text)
    EXTI2_TS_IRQHandler                      0x080001b7   Thumb Code     0  startup_stm32f334x8.o(.text)
    EXTI3_IRQHandler                         0x080001b7   Thumb Code     0  startup_stm32f334x8.o(.text)
    EXTI4_IRQHandler                         0x080001b7   Thumb Code     0  startup_stm32f334x8.o(.text)
    EXTI9_5_IRQHandler                       0x080001b7   Thumb Code     0  startup_stm32f334x8.o(.text)
    FLASH_IRQHandler                         0x080001b7   Thumb Code     0  startup_stm32f334x8.o(.text)
    FPU_IRQHandler                           0x080001b7   Thumb Code     0  startup_stm32f334x8.o(.text)
    HRTIM1_FLT_IRQHandler                    0x080001b7   Thumb Code     0  startup_stm32f334x8.o(.text)
    HRTIM1_Master_IRQHandler                 0x080001b7   Thumb Code     0  startup_stm32f334x8.o(.text)
    HRTIM1_TIMA_IRQHandler                   0x080001b7   Thumb Code     0  startup_stm32f334x8.o(.text)
    HRTIM1_TIMB_IRQHandler                   0x080001b7   Thumb Code     0  startup_stm32f334x8.o(.text)
    HRTIM1_TIMC_IRQHandler                   0x080001b7   Thumb Code     0  startup_stm32f334x8.o(.text)
    HRTIM1_TIMD_IRQHandler                   0x080001b7   Thumb Code     0  startup_stm32f334x8.o(.text)
    HRTIM1_TIME_IRQHandler                   0x080001b7   Thumb Code     0  startup_stm32f334x8.o(.text)
    I2C1_ER_IRQHandler                       0x080001b7   Thumb Code     0  startup_stm32f334x8.o(.text)
    I2C1_EV_IRQHandler                       0x080001b7   Thumb Code     0  startup_stm32f334x8.o(.text)
    PVD_IRQHandler                           0x080001b7   Thumb Code     0  startup_stm32f334x8.o(.text)
    RCC_IRQHandler                           0x080001b7   Thumb Code     0  startup_stm32f334x8.o(.text)
    RTC_Alarm_IRQHandler                     0x080001b7   Thumb Code     0  startup_stm32f334x8.o(.text)
    RTC_WKUP_IRQHandler                      0x080001b7   Thumb Code     0  startup_stm32f334x8.o(.text)
    SPI1_IRQHandler                          0x080001b7   Thumb Code     0  startup_stm32f334x8.o(.text)
    TAMPER_STAMP_IRQHandler                  0x080001b7   Thumb Code     0  startup_stm32f334x8.o(.text)
    TIM1_BRK_TIM15_IRQHandler                0x080001b7   Thumb Code     0  startup_stm32f334x8.o(.text)
    TIM1_CC_IRQHandler                       0x080001b7   Thumb Code     0  startup_stm32f334x8.o(.text)
    TIM1_TRG_COM_TIM17_IRQHandler            0x080001b7   Thumb Code     0  startup_stm32f334x8.o(.text)
    TIM1_UP_TIM16_IRQHandler                 0x080001b7   Thumb Code     0  startup_stm32f334x8.o(.text)
    TIM2_IRQHandler                          0x080001b7   Thumb Code     0  startup_stm32f334x8.o(.text)
    TIM6_DAC1_IRQHandler                     0x080001b7   Thumb Code     0  startup_stm32f334x8.o(.text)
    TIM7_DAC2_IRQHandler                     0x080001b7   Thumb Code     0  startup_stm32f334x8.o(.text)
    USART1_IRQHandler                        0x080001b7   Thumb Code     0  startup_stm32f334x8.o(.text)
    USART2_IRQHandler                        0x080001b7   Thumb Code     0  startup_stm32f334x8.o(.text)
    USART3_IRQHandler                        0x080001b7   Thumb Code     0  startup_stm32f334x8.o(.text)
    WWDG_IRQHandler                          0x080001b7   Thumb Code     0  startup_stm32f334x8.o(.text)
    strlen                                   0x080001c1   Thumb Code    14  strlen.o(.text)
    __scatterload                            0x080001d1   Thumb Code    28  init.o(.text)
    __scatterload_rt2                        0x080001d1   Thumb Code     0  init.o(.text)
    BusFault_Handler                         0x080001f5   Thumb Code     2  stm32f3xx_it.o(i.BusFault_Handler)
    Button_Config                            0x080001f7   Thumb Code    62  button.o(i.Button_Config)
    DebugMon_Handler                         0x08000235   Thumb Code     2  stm32f3xx_it.o(i.DebugMon_Handler)
    Delay                                    0x08000239   Thumb Code    28  main.o(i.Delay)
    GPIO_Configuration                       0x0800025d   Thumb Code   120  main.o(i.GPIO_Configuration)
    GPIO_Init                                0x080002d9   Thumb Code   116  stm32f30x_gpio.o(i.GPIO_Init)
    GPIO_PinAFConfig                         0x0800034d   Thumb Code    32  stm32f30x_gpio.o(i.GPIO_PinAFConfig)
    GPIO_ResetBits                           0x0800036d   Thumb Code     4  stm32f30x_gpio.o(i.GPIO_ResetBits)
    GPIO_SetBits                             0x08000371   Thumb Code     4  stm32f30x_gpio.o(i.GPIO_SetBits)
    GPIO_StructInit                          0x08000375   Thumb Code    20  stm32f30x_gpio.o(i.GPIO_StructInit)
    HardFault_Handler                        0x08000389   Thumb Code    42  stm32f3xx_it.o(i.HardFault_Handler)
    MemManage_Handler                        0x080003b9   Thumb Code     2  stm32f3xx_it.o(i.MemManage_Handler)
    NMI_Handler                              0x080003bb   Thumb Code     2  stm32f3xx_it.o(i.NMI_Handler)
    NVIC_Init                                0x080003bd   Thumb Code    94  stm32f30x_misc.o(i.NVIC_Init)
    PendSV_Handler                           0x08000421   Thumb Code     2  stm32f3xx_it.o(i.PendSV_Handler)
    RCC_AHBPeriphClockCmd                    0x08000425   Thumb Code    18  stm32f30x_rcc.o(i.RCC_AHBPeriphClockCmd)
    RCC_APB1PeriphClockCmd                   0x0800043d   Thumb Code    18  stm32f30x_rcc.o(i.RCC_APB1PeriphClockCmd)
    RCC_APB2PeriphClockCmd                   0x08000455   Thumb Code    18  stm32f30x_rcc.o(i.RCC_APB2PeriphClockCmd)
    RCC_Configuration                        0x0800046d   Thumb Code    54  main.o(i.RCC_Configuration)
    RCC_GetClocksFreq                        0x080004a5   Thumb Code   718  stm32f30x_rcc.o(i.RCC_GetClocksFreq)
    SVC_Handler                              0x08000785   Thumb Code     2  stm32f3xx_it.o(i.SVC_Handler)
    SysTick_Handler                          0x080007e9   Thumb Code     4  stm32f3xx_it.o(i.SysTick_Handler)
    SystemInit                               0x080007ed   Thumb Code    82  system_stm32f30x.o(i.SystemInit)
    TIM3_IRQHandler                          0x080008b5   Thumb Code   172  timer.o(i.TIM3_IRQHandler)
    TIM_ARRPreloadConfig                     0x0800096d   Thumb Code    20  stm32f30x_tim.o(i.TIM_ARRPreloadConfig)
    TIM_ClearITPendingBit                    0x08000981   Thumb Code     8  stm32f30x_tim.o(i.TIM_ClearITPendingBit)
    TIM_Cmd                                  0x08000989   Thumb Code    20  stm32f30x_tim.o(i.TIM_Cmd)
    TIM_Config                               0x0800099d   Thumb Code   148  timer.o(i.TIM_Config)
    TIM_GetCapture2                          0x08000a3d   Thumb Code     4  stm32f30x_tim.o(i.TIM_GetCapture2)
    TIM_GetCounter                           0x08000a41   Thumb Code     4  stm32f30x_tim.o(i.TIM_GetCounter)
    TIM_GetITStatus                          0x08000a45   Thumb Code    24  stm32f30x_tim.o(i.TIM_GetITStatus)
    TIM_ICInit                               0x08000a5d   Thumb Code   184  stm32f30x_tim.o(i.TIM_ICInit)
    TIM_ICStructInit                         0x08000b15   Thumb Code    16  stm32f30x_tim.o(i.TIM_ICStructInit)
    TIM_ITConfig                             0x08000b25   Thumb Code    20  stm32f30x_tim.o(i.TIM_ITConfig)
    TIM_SelectInputTrigger                   0x08000b39   Thumb Code    14  stm32f30x_tim.o(i.TIM_SelectInputTrigger)
    TIM_SetIC1Prescaler                      0x08000b47   Thumb Code    16  stm32f30x_tim.o(i.TIM_SetIC1Prescaler)
    TIM_SetIC2Prescaler                      0x08000b57   Thumb Code    18  stm32f30x_tim.o(i.TIM_SetIC2Prescaler)
    TIM_SetIC3Prescaler                      0x08000b69   Thumb Code    18  stm32f30x_tim.o(i.TIM_SetIC3Prescaler)
    TIM_SetIC4Prescaler                      0x08000b7b   Thumb Code    26  stm32f30x_tim.o(i.TIM_SetIC4Prescaler)
    TIM_TIxExternalClockConfig               0x08000b95   Thumb Code    46  stm32f30x_tim.o(i.TIM_TIxExternalClockConfig)
    TIM_TimeBaseInit                         0x08000bc5   Thumb Code   108  stm32f30x_tim.o(i.TIM_TimeBaseInit)
    TIM_TimeBaseStructInit                   0x08000c55   Thumb Code    18  stm32f30x_tim.o(i.TIM_TimeBaseStructInit)
    Timing_Tick                              0x08000c69   Thumb Code    50  main.o(i.Timing_Tick)
    USART1_Configuration                     0x08000ca1   Thumb Code    54  usart.o(i.USART1_Configuration)
    USART1_SendStr                           0x08000cdd   Thumb Code    48  usart.o(i.USART1_SendStr)
    USART_Cmd                                0x08000d11   Thumb Code    20  stm32f30x_usart.o(i.USART_Cmd)
    USART_GetFlagStatus                      0x08000d25   Thumb Code    14  stm32f30x_usart.o(i.USART_GetFlagStatus)
    USART_Init                               0x08000d35   Thumb Code   182  stm32f30x_usart.o(i.USART_Init)
    USART_SendData                           0x08000dfd   Thumb Code     8  stm32f30x_usart.o(i.USART_SendData)
    UsageFault_Handler                       0x08000e05   Thumb Code     2  stm32f3xx_it.o(i.UsageFault_Handler)
    __scatterload_copy                       0x08000e6f   Thumb Code    14  handlers.o(i.__scatterload_copy)
    __scatterload_null                       0x08000e7d   Thumb Code     2  handlers.o(i.__scatterload_null)
    __scatterload_zeroinit                   0x08000e7f   Thumb Code    14  handlers.o(i.__scatterload_zeroinit)
    ledOff                                   0x08000e8d   Thumb Code    10  button.o(i.ledOff)
    ledOn                                    0x08000e97   Thumb Code    10  button.o(i.ledOn)
    main                                     0x08000ea1   Thumb Code    78  main.o(i.main)
    Region$$Table$$Base                      0x08000f08   Number         0  anon$$obj.o(Region$$Table)
    Region$$Table$$Limit                     0x08000f28   Number         0  anon$$obj.o(Region$$Table)
    SystemCoreClock                          0x20000034   Data           4  system_stm32f30x.o(.data)
    AHBPrescTable                            0x20000038   Data          16  system_stm32f30x.o(.data)
    currentMaxTimeHi                         0x20000048   Data           1  timer.o(.data)
    intCnt                                   0x2000004c   Data           4  timer.o(.data)
    now                                      0x20000050   Data           4  timer.o(.data)
    timerDone                                0x20000054   Data           4  timer.o(.data)
    decode                                   0x20000058   Data           4  timer.o(.data)
    capture                                  0x2000005c   Data           4  timer.o(.data)
    lastCapture                              0x20000060   Data           4  timer.o(.data)
    TIM_ICInitStructure                      0x20000064   Data          10  timer.o(.bss)
    __initial_sp                             0x20000470   Data           0  startup_stm32f334x8.o(STACK)



==============================================================================

Memory Map of the image

  Image Entry point : 0x08000189

  Load Region LR_IROM1 (Base: 0x08000000, Size: 0x00000f8c, Max: 0x00010000, ABSOLUTE)

    Execution Region ER_IROM1 (Base: 0x08000000, Size: 0x00000f28, Max: 0x00010000, ABSOLUTE)

    Base Addr    Size         Type   Attr      Idx    E Section Name        Object

    0x08000000   0x00000188   Data   RO            3    RESET               startup_stm32f334x8.o
    0x08000188   0x00000000   Code   RO         4976  * .ARM.Collect$$$$00000000  mc_w.l(entry.o)
    0x08000188   0x00000004   Code   RO         5248    .ARM.Collect$$$$00000001  mc_w.l(entry2.o)
    0x0800018c   0x00000004   Code   RO         5251    .ARM.Collect$$$$00000004  mc_w.l(entry5.o)
    0x08000190   0x00000000   Code   RO         5253    .ARM.Collect$$$$00000008  mc_w.l(entry7b.o)
    0x08000190   0x00000000   Code   RO         5255    .ARM.Collect$$$$0000000A  mc_w.l(entry8b.o)
    0x08000190   0x00000008   Code   RO         5256    .ARM.Collect$$$$0000000B  mc_w.l(entry9a.o)
    0x08000198   0x00000000   Code   RO         5258    .ARM.Collect$$$$0000000D  mc_w.l(entry10a.o)
    0x08000198   0x00000000   Code   RO         5260    .ARM.Collect$$$$0000000F  mc_w.l(entry11a.o)
    0x08000198   0x00000004   Code   RO         5249    .ARM.Collect$$$$00002712  mc_w.l(entry2.o)
    0x0800019c   0x00000024   Code   RO            4    .text               startup_stm32f334x8.o
    0x080001c0   0x0000000e   Code   RO         4983    .text               mc_w.l(strlen.o)
    0x080001ce   0x00000002   PAD
    0x080001d0   0x00000024   Code   RO         5280    .text               mc_w.l(init.o)
    0x080001f4   0x00000002   Code   RO         4598    i.BusFault_Handler  stm32f3xx_it.o
    0x080001f6   0x0000003e   Code   RO         4940    i.Button_Config     button.o
    0x08000234   0x00000002   Code   RO         4599    i.DebugMon_Handler  stm32f3xx_it.o
    0x08000236   0x00000002   PAD
    0x08000238   0x00000024   Code   RO         4517    i.Delay             main.o
    0x0800025c   0x0000007c   Code   RO         4518    i.GPIO_Configuration  main.o
    0x080002d8   0x00000074   Code   RO         1340    i.GPIO_Init         stm32f30x_gpio.o
    0x0800034c   0x00000020   Code   RO         1341    i.GPIO_PinAFConfig  stm32f30x_gpio.o
    0x0800036c   0x00000004   Code   RO         1347    i.GPIO_ResetBits    stm32f30x_gpio.o
    0x08000370   0x00000004   Code   RO         1348    i.GPIO_SetBits      stm32f30x_gpio.o
    0x08000374   0x00000014   Code   RO         1349    i.GPIO_StructInit   stm32f30x_gpio.o
    0x08000388   0x00000030   Code   RO         4600    i.HardFault_Handler  stm32f3xx_it.o
    0x080003b8   0x00000002   Code   RO         4601    i.MemManage_Handler  stm32f3xx_it.o
    0x080003ba   0x00000002   Code   RO         4602    i.NMI_Handler       stm32f3xx_it.o
    0x080003bc   0x00000064   Code   RO         2218    i.NVIC_Init         stm32f30x_misc.o
    0x08000420   0x00000002   Code   RO         4603    i.PendSV_Handler    stm32f3xx_it.o
    0x08000422   0x00000002   PAD
    0x08000424   0x00000018   Code   RO         2450    i.RCC_AHBPeriphClockCmd  stm32f30x_rcc.o
    0x0800043c   0x00000018   Code   RO         2452    i.RCC_APB1PeriphClockCmd  stm32f30x_rcc.o
    0x08000454   0x00000018   Code   RO         2454    i.RCC_APB2PeriphClockCmd  stm32f30x_rcc.o
    0x0800046c   0x00000036   Code   RO         4519    i.RCC_Configuration  main.o
    0x080004a2   0x00000002   PAD
    0x080004a4   0x000002e0   Code   RO         2462    i.RCC_GetClocksFreq  stm32f30x_rcc.o
    0x08000784   0x00000002   Code   RO         4604    i.SVC_Handler       stm32f3xx_it.o
    0x08000786   0x00000002   PAD
    0x08000788   0x00000060   Code   RO         4673    i.SetSysClock       system_stm32f30x.o
    0x080007e8   0x00000004   Code   RO         4605    i.SysTick_Handler   stm32f3xx_it.o
    0x080007ec   0x00000068   Code   RO         4675    i.SystemInit        system_stm32f30x.o
    0x08000854   0x00000028   Code   RO         3351    i.TI1_Config        stm32f30x_tim.o
    0x0800087c   0x00000036   Code   RO         3352    i.TI2_Config        stm32f30x_tim.o
    0x080008b2   0x00000002   PAD
    0x080008b4   0x000000b8   Code   RO         4710    i.TIM3_IRQHandler   timer.o
    0x0800096c   0x00000014   Code   RO         3353    i.TIM_ARRPreloadConfig  stm32f30x_tim.o
    0x08000980   0x00000008   Code   RO         3364    i.TIM_ClearITPendingBit  stm32f30x_tim.o
    0x08000988   0x00000014   Code   RO         3371    i.TIM_Cmd           stm32f30x_tim.o
    0x0800099c   0x000000a0   Code   RO         4711    i.TIM_Config        timer.o
    0x08000a3c   0x00000004   Code   RO         3389    i.TIM_GetCapture2   stm32f30x_tim.o
    0x08000a40   0x00000004   Code   RO         3392    i.TIM_GetCounter    stm32f30x_tim.o
    0x08000a44   0x00000018   Code   RO         3394    i.TIM_GetITStatus   stm32f30x_tim.o
    0x08000a5c   0x000000b8   Code   RO         3396    i.TIM_ICInit        stm32f30x_tim.o
    0x08000b14   0x00000010   Code   RO         3397    i.TIM_ICStructInit  stm32f30x_tim.o
    0x08000b24   0x00000014   Code   RO         3398    i.TIM_ITConfig      stm32f30x_tim.o
    0x08000b38   0x0000000e   Code   RO         3436    i.TIM_SelectInputTrigger  stm32f30x_tim.o
    0x08000b46   0x00000010   Code   RO         3453    i.TIM_SetIC1Prescaler  stm32f30x_tim.o
    0x08000b56   0x00000012   Code   RO         3454    i.TIM_SetIC2Prescaler  stm32f30x_tim.o
    0x08000b68   0x00000012   Code   RO         3455    i.TIM_SetIC3Prescaler  stm32f30x_tim.o
    0x08000b7a   0x0000001a   Code   RO         3456    i.TIM_SetIC4Prescaler  stm32f30x_tim.o
    0x08000b94   0x0000002e   Code   RO         3457    i.TIM_TIxExternalClockConfig  stm32f30x_tim.o
    0x08000bc2   0x00000002   PAD
    0x08000bc4   0x00000090   Code   RO         3458    i.TIM_TimeBaseInit  stm32f30x_tim.o
    0x08000c54   0x00000012   Code   RO         3459    i.TIM_TimeBaseStructInit  stm32f30x_tim.o
    0x08000c66   0x00000002   PAD
    0x08000c68   0x00000038   Code   RO         4520    i.Timing_Tick       main.o
    0x08000ca0   0x0000003c   Code   RO         4780    i.USART1_Configuration  usart.o
    0x08000cdc   0x00000034   Code   RO         4781    i.USART1_SendStr    usart.o
    0x08000d10   0x00000014   Code   RO         4040    i.USART_Cmd         stm32f30x_usart.o
    0x08000d24   0x0000000e   Code   RO         4048    i.USART_GetFlagStatus  stm32f30x_usart.o
    0x08000d32   0x00000002   PAD
    0x08000d34   0x000000c8   Code   RO         4052    i.USART_Init        stm32f30x_usart.o
    0x08000dfc   0x00000008   Code   RO         4069    i.USART_SendData    stm32f30x_usart.o
    0x08000e04   0x00000002   Code   RO         4606    i.UsageFault_Handler  stm32f3xx_it.o
    0x08000e06   0x00000068   Code   RO         4782    i._GPIO_Configuration  usart.o
    0x08000e6e   0x0000000e   Code   RO         5294    i.__scatterload_copy  mc_w.l(handlers.o)
    0x08000e7c   0x00000002   Code   RO         5295    i.__scatterload_null  mc_w.l(handlers.o)
    0x08000e7e   0x0000000e   Code   RO         5296    i.__scatterload_zeroinit  mc_w.l(handlers.o)
    0x08000e8c   0x0000000a   Code   RO         4942    i.ledOff            button.o
    0x08000e96   0x0000000a   Code   RO         4943    i.ledOn             button.o
    0x08000ea0   0x00000068   Code   RO         4521    i.main              main.o
    0x08000f08   0x00000020   Data   RO         5292    Region$$Table       anon$$obj.o


    Execution Region RW_IRAM1 (Base: 0x20000000, Size: 0x00000470, Max: 0x30000000, ABSOLUTE)

    Base Addr    Size         Type   Attr      Idx    E Section Name        Object

    0x20000000   0x00000030   Data   RW         2489    .data               stm32f30x_rcc.o
    0x20000030   0x00000004   Data   RW         4524    .data               main.o
    0x20000034   0x00000014   Data   RW         4676    .data               system_stm32f30x.o
    0x20000048   0x0000001c   Data   RW         4719    .data               timer.o
    0x20000064   0x0000000a   Zero   RW         4718    .bss                timer.o
    0x2000006e   0x00000002   PAD
    0x20000070   0x00000400   Zero   RW            1    STACK               startup_stm32f334x8.o


==============================================================================

Image component sizes


      Code (inc. data)   RO Data    RW Data    ZI Data      Debug   Object Name

        82          0          0          0          0       1865   button.o
       374         44          0          4          0     272734   main.o
        36          8        392          0       1024       1040   startup_stm32f334x8.o
         0          0          0          0          0     261812   stm32f30x_adc.o
       176          0          0          0          0       9293   stm32f30x_gpio.o
       100          6          0          0          0       3260   stm32f30x_misc.o
       808         36          0         48          0      22554   stm32f30x_rcc.o
       694         36          0          0          0      40949   stm32f30x_tim.o
       242         18          0          0          0      14084   stm32f30x_usart.o
         0          0          0          0          0      39772   stm32f3348_discovery.o
        66          6          0          0          0       4634   stm32f3xx_it.o
       200         30          0         20          0       1985   system_stm32f30x.o
       344         24          0         28         10       2434   timer.o
       216         10          0          0          0       2204   usart.o

    ----------------------------------------------------------------------
      3354        218        424        100       1036     678620   Object Totals
         0          0         32          0          0          0   (incl. Generated)
        16          0          0          0          2          0   (incl. Padding)

    ----------------------------------------------------------------------

      Code (inc. data)   RO Data    RW Data    ZI Data      Debug   Library Member Name

         0          0          0          0          0          0   entry.o
         0          0          0          0          0          0   entry10a.o
         0          0          0          0          0          0   entry11a.o
         8          4          0          0          0          0   entry2.o
         4          0          0          0          0          0   entry5.o
         0          0          0          0          0          0   entry7b.o
         0          0          0          0          0          0   entry8b.o
         8          4          0          0          0          0   entry9a.o
        30          0          0          0          0          0   handlers.o
        36          8          0          0          0         68   init.o
        14          0          0          0          0         68   strlen.o

    ----------------------------------------------------------------------
       102         16          0          0          0        136   Library Totals
         2          0          0          0          0          0   (incl. Padding)

    ----------------------------------------------------------------------

      Code (inc. data)   RO Data    RW Data    ZI Data      Debug   Library Name

       100         16          0          0          0        136   mc_w.l

    ----------------------------------------------------------------------
       102         16          0          0          0        136   Library Totals

    ----------------------------------------------------------------------

==============================================================================


      Code (inc. data)   RO Data    RW Data    ZI Data      Debug   

      3456        234        424        100       1036     673960   Grand Totals
      3456        234        424        100       1036     673960   ELF Image Totals
      3456        234        424        100          0          0   ROM Totals

==============================================================================

    Total RO  Size (Code + RO Data)                 3880 (   3.79kB)
    Total RW  Size (RW Data + ZI Data)              1136 (   1.11kB)
    Total ROM Size (Code + RO Data + RW Data)       3980 (   3.89kB)

==============================================================================

