<html>
<body>
<pre>
<h1>µVision Build Log</h1>
<h2>Tool Versions:</h2>
IDE-Version: µVision V5.16a
Copyright (C) 2015 ARM Ltd and ARM Germany GmbH. All rights reserved.
License Information: Michael Weiss, Mishafarms, LIC=----
 
Tool Versions:
Toolchain:       MDK-Lite  Version: 5.16a
Toolchain Path:  C:\Keil_v5\ARM\ARMCC\Bin
C Compiler:      Armcc.exe V5.06 (build 20)
Assembler:       Armasm.exe V5.06 (build 20)
Linker/Locator:  ArmLink.exe V5.06 (build 20)
Library Manager: ArmAr.exe V5.06 (build 20)
Hex Converter:   FromElf.exe V5.06 (build 20)
CPU DLL:         SARMCM3.DLL V5.16a
Dialog DLL:      DCM.DLL V1.13.2.0
Target DLL:      Segger\JL2CM3.dll V2.99.15.2
Dialog DLL:      TCM.DLL V1.14.5.0
 
<h2>Project:</h2>
C:\Users\mlw\Documents\GitHub\RFID_Ble\STM32F334\STM32F3348-Discovery_FW_V1.0.0\Projects\Peripheral_Examples\RFID\MDK-ARM\Project.uvprojx
Project File Date:  02/24/2016

<h2>Output:</h2>
*** Using Compiler 'V5.06 (build 20)', folder: 'C:\Keil_v5\ARM\ARMCC\Bin'
Build target 'RFID'
assembling startup_stm32f334x8.s...
compiling stm32f30x_comp.c...
compiling stm32f30x_can.c...
compiling stm32f30x_adc.c...
compiling stm32f30x_crc.c...
compiling stm32f30x_dac.c...
compiling stm32f30x_dbgmcu.c...
compiling stm32f30x_dma.c...
compiling stm32f30x_exti.c...
compiling stm32f30x_flash.c...
compiling stm32f30x_gpio.c...
compiling stm32f30x_i2c.c...
compiling stm32f30x_hrtim.c...
compiling stm32f30x_iwdg.c...
compiling stm32f30x_misc.c...
compiling stm32f30x_opamp.c...
compiling stm32f30x_pwr.c...
compiling stm32f30x_rcc.c...
compiling stm32f30x_rtc.c...
compiling stm32f30x_spi.c...
compiling stm32f30x_syscfg.c...
compiling stm32f30x_usart.c...
compiling stm32f30x_tim.c...
compiling stm32f30x_wwdg.c...
compiling stm32f3348_discovery.c...
compiling main.c...
..\main.c(140): warning:  #128-D: loop is not reachable
  	while (1)
..\main.c: 1 warning, 0 errors
compiling stm32f3xx_it.c...
compiling system_stm32f30x.c...
compiling timer.c...
compiling usart.c...
compiling capture.c...
compiling button.c...
compiling animal.c...
..\animal.c(285): warning:  #111-D: statement is unreachable
  	return str; 
..\animal.c: 1 warning, 0 errors
linking...
Program Size: Code=3456 RO-data=424 RW-data=100 ZI-data=1036  
".\RFID\RFID.axf" - 0 Error(s), 2 Warning(s).

<h2>Collection of Component include folders:</h2>
  C:\Users\mlw\Documents\GitHub\RFID_Ble\STM32F334\STM32F3348-Discovery_FW_V1.0.0\Projects\Peripheral_Examples\RFID\MDK-ARM\RTE
  C:\Keil_v5\ARM\PACK\Keil\STM32F3xx_DFP\1.3.0\Device\Include

<h2>Collection of Component Files used:</h2>
Build Time Elapsed:  00:00:25
</pre>
</body>
</html>
